Component: ARM Compiler 5.06 update 6 (build 750) Tool: armlink [4d35ed]

==============================================================================

Section Cross References

    at32f413_clock.o(i.system_clock_config) refers to at32f413_crm.o(i.crm_reset) for crm_reset
    at32f413_clock.o(i.system_clock_config) refers to at32f413_crm.o(i.crm_clock_source_enable) for crm_clock_source_enable
    at32f413_clock.o(i.system_clock_config) refers to at32f413_crm.o(i.crm_hext_stable_wait) for crm_hext_stable_wait
    at32f413_clock.o(i.system_clock_config) refers to at32f413_crm.o(i.crm_pll_config) for crm_pll_config
    at32f413_clock.o(i.system_clock_config) refers to at32f413_crm.o(i.crm_flag_get) for crm_flag_get
    at32f413_clock.o(i.system_clock_config) refers to at32f413_crm.o(i.crm_ahb_div_set) for crm_ahb_div_set
    at32f413_clock.o(i.system_clock_config) refers to at32f413_crm.o(i.crm_apb2_div_set) for crm_apb2_div_set
    at32f413_clock.o(i.system_clock_config) refers to at32f413_crm.o(i.crm_apb1_div_set) for crm_apb1_div_set
    at32f413_clock.o(i.system_clock_config) refers to at32f413_crm.o(i.crm_auto_step_mode_enable) for crm_auto_step_mode_enable
    at32f413_clock.o(i.system_clock_config) refers to at32f413_crm.o(i.crm_sysclk_switch) for crm_sysclk_switch
    at32f413_clock.o(i.system_clock_config) refers to at32f413_crm.o(i.crm_sysclk_switch_status_get) for crm_sysclk_switch_status_get
    at32f413_clock.o(i.system_clock_config) refers to system_at32f413.o(i.system_core_clock_update) for system_core_clock_update
    main.o(i.led2_task_function) refers to at32f413_board.o(i.at32_led_toggle) for at32_led_toggle
    main.o(i.led2_task_function) refers to tasks.o(i.vTaskDelay) for vTaskDelay
    main.o(i.led3_task_function) refers to at32f413_board.o(i.at32_led_toggle) for at32_led_toggle
    main.o(i.led3_task_function) refers to tasks.o(i.vTaskDelay) for vTaskDelay
    main.o(i.main) refers to at32f413_misc.o(i.nvic_priority_group_config) for nvic_priority_group_config
    main.o(i.main) refers to at32f413_clock.o(i.system_clock_config) for system_clock_config
    main.o(i.main) refers to at32f413_board.o(i.at32_led_init) for at32_led_init
    main.o(i.main) refers to at32f413_board.o(i.delay_init) for delay_init
    main.o(i.main) refers to at32f413_board.o(i.delay_ms) for delay_ms
    main.o(i.main) refers to at32f413_board.o(i.uart_print_init) for uart_print_init
    main.o(i.main) refers to port.o(i.vPortEnterCritical) for vPortEnterCritical
    main.o(i.main) refers to tasks.o(i.xTaskCreate) for xTaskCreate
    main.o(i.main) refers to noretval__2printf.o(.text) for __2printf
    main.o(i.main) refers to port.o(i.vPortExitCritical) for vPortExitCritical
    main.o(i.main) refers to tasks.o(i.vTaskStartScheduler) for vTaskStartScheduler
    main.o(i.main) refers to main.o(.data) for led2_handler
    main.o(i.main) refers to main.o(i.led2_task_function) for led2_task_function
    main.o(i.main) refers to main.o(.conststring) for .conststring
    main.o(i.main) refers to main.o(i.led3_task_function) for led3_task_function
    at32f413_board.o(.rev16_text) refers (Special) to use_no_semi_2.o(.text) for __use_no_semihosting
    at32f413_board.o(.revsh_text) refers (Special) to use_no_semi_2.o(.text) for __use_no_semihosting
    at32f413_board.o(.rrx_text) refers (Special) to use_no_semi_2.o(.text) for __use_no_semihosting
    at32f413_board.o(i._sys_exit) refers (Special) to use_no_semi_2.o(.text) for __use_no_semihosting
    at32f413_board.o(i._ttywrch) refers (Special) to use_no_semi_2.o(.text) for __use_no_semihosting
    at32f413_board.o(i.at32_board_init) refers (Special) to use_no_semi_2.o(.text) for __use_no_semihosting
    at32f413_board.o(i.at32_board_init) refers to at32f413_board.o(i.delay_init) for delay_init
    at32f413_board.o(i.at32_board_init) refers to at32f413_board.o(i.at32_led_init) for at32_led_init
    at32f413_board.o(i.at32_board_init) refers to at32f413_board.o(i.at32_led_off) for at32_led_off
    at32f413_board.o(i.at32_board_init) refers to at32f413_board.o(i.at32_button_init) for at32_button_init
    at32f413_board.o(i.at32_button_init) refers (Special) to use_no_semi_2.o(.text) for __use_no_semihosting
    at32f413_board.o(i.at32_button_init) refers to at32f413_crm.o(i.crm_periph_clock_enable) for crm_periph_clock_enable
    at32f413_board.o(i.at32_button_init) refers to at32f413_gpio.o(i.gpio_default_para_init) for gpio_default_para_init
    at32f413_board.o(i.at32_button_init) refers to at32f413_gpio.o(i.gpio_init) for gpio_init
    at32f413_board.o(i.at32_button_press) refers (Special) to use_no_semi_2.o(.text) for __use_no_semihosting
    at32f413_board.o(i.at32_button_press) refers to at32f413_board.o(i.at32_button_state) for at32_button_state
    at32f413_board.o(i.at32_button_press) refers to at32f413_board.o(i.delay_ms) for delay_ms
    at32f413_board.o(i.at32_button_press) refers to at32f413_board.o(.data) for pressed
[...]
    Removing at32f413_tmr.o(i.tmr_overflow_event_disable), (10 bytes).
    Removing at32f413_tmr.o(i.tmr_overflow_request_source_set), (10 bytes).
    Removing at32f413_tmr.o(i.tmr_period_buffer_enable), (10 bytes).
    Removing at32f413_tmr.o(i.tmr_period_value_get), (6 bytes).
    Removing at32f413_tmr.o(i.tmr_period_value_set), (4 bytes).
    Removing at32f413_tmr.o(i.tmr_primary_mode_select), (10 bytes).
    Removing at32f413_tmr.o(i.tmr_pwm_input_config), (350 bytes).
    Removing at32f413_tmr.o(i.tmr_repetition_counter_set), (10 bytes).
    Removing at32f413_tmr.o(i.tmr_reset), (276 bytes).
    Removing at32f413_tmr.o(i.tmr_sub_mode_select), (10 bytes).
    Removing at32f413_tmr.o(i.tmr_sub_sync_mode_set), (10 bytes).
    Removing at32f413_tmr.o(i.tmr_trigger_input_select), (10 bytes).
    Removing at32f413_usart.o(.rev16_text), (4 bytes).
    Removing at32f413_usart.o(.revsh_text), (4 bytes).
    Removing at32f413_usart.o(.rrx_text), (6 bytes).
    Removing at32f413_usart.o(i.usart_break_bit_num_set), (10 bytes).
    Removing at32f413_usart.o(i.usart_break_send), (12 bytes).
    Removing at32f413_usart.o(i.usart_clock_config), (28 bytes).
    Removing at32f413_usart.o(i.usart_clock_enable), (10 bytes).
    Removing at32f413_usart.o(i.usart_data_receive), (8 bytes).
    Removing at32f413_usart.o(i.usart_dma_receiver_enable), (10 bytes).
    Removing at32f413_usart.o(i.usart_dma_transmitter_enable), (10 bytes).
    Removing at32f413_usart.o(i.usart_flag_clear), (18 bytes).
    Removing at32f413_usart.o(i.usart_hardware_flow_control_set), (102 bytes).
    Removing at32f413_usart.o(i.usart_interrupt_enable), (54 bytes).
    Removing at32f413_usart.o(i.usart_irda_low_power_enable), (10 bytes).
    Removing at32f413_usart.o(i.usart_irda_mode_enable), (10 bytes).
    Removing at32f413_usart.o(i.usart_irda_smartcard_division_set), (10 bytes).
    Removing at32f413_usart.o(i.usart_lin_mode_enable), (10 bytes).
    Removing at32f413_usart.o(i.usart_parity_selection_config), (76 bytes).
    Removing at32f413_usart.o(i.usart_receiver_enable), (10 bytes).
    Removing at32f413_usart.o(i.usart_receiver_mute_enable), (10 bytes).
    Removing at32f413_usart.o(i.usart_reset), (148 bytes).
    Removing at32f413_usart.o(i.usart_single_line_halfduplex_select), (10 bytes).
    Removing at32f413_usart.o(i.usart_smartcard_guard_time_set), (10 bytes).
    Removing at32f413_usart.o(i.usart_smartcard_mode_enable), (10 bytes).
    Removing at32f413_usart.o(i.usart_smartcard_nack_set), (10 bytes).
    Removing at32f413_usart.o(i.usart_wakeup_id_set), (10 bytes).
    Removing at32f413_usart.o(i.usart_wakeup_mode_set), (10 bytes).
    Removing at32f413_usb.o(.rev16_text), (4 bytes).
    Removing at32f413_usb.o(.revsh_text), (4 bytes).
    Removing at32f413_usb.o(.rrx_text), (6 bytes).
    Removing at32f413_usb.o(i.usb_buffer_free), (12 bytes).
    Removing at32f413_usb.o(i.usb_buffer_malloc), (20 bytes).
    Removing at32f413_usb.o(i.usb_connect), (10 bytes).
    Removing at32f413_usb.o(i.usb_dev_init), (36 bytes).
    Removing at32f413_usb.o(i.usb_disconnect), (12 bytes).
    Removing at32f413_usb.o(i.usb_enter_suspend), (22 bytes).
    Removing at32f413_usb.o(i.usb_ept_close), (572 bytes).
    Removing at32f413_usb.o(i.usb_ept_open), (1304 bytes).
    Removing at32f413_usb.o(i.usb_ept_stall), (108 bytes).
    Removing at32f413_usb.o(i.usb_exit_suspend), (18 bytes).
    Removing at32f413_usb.o(i.usb_flag_clear), (6 bytes).
    Removing at32f413_usb.o(i.usb_flag_get), (16 bytes).
    Removing at32f413_usb.o(i.usb_interrupt_enable), (20 bytes).
    Removing at32f413_usb.o(i.usb_read_packet), (44 bytes).
    Removing at32f413_usb.o(i.usb_remote_wkup_clear), (10 bytes).
    Removing at32f413_usb.o(i.usb_remote_wkup_set), (12 bytes).
    Removing at32f413_usb.o(i.usb_set_address), (20 bytes).
    Removing at32f413_usb.o(i.usb_usbbufs_enable), (64 bytes).
    Removing at32f413_usb.o(i.usb_write_packet), (44 bytes).
    Removing at32f413_usb.o(.data), (6 bytes).
    Removing at32f413_wdt.o(.rev16_text), (4 bytes).
    Removing at32f413_wdt.o(.revsh_text), (4 bytes).
    Removing at32f413_wdt.o(.rrx_text), (6 bytes).
    Removing at32f413_wdt.o(i.wdt_counter_reload), (16 bytes).
    Removing at32f413_wdt.o(i.wdt_divider_set), (20 bytes).
    Removing at32f413_wdt.o(i.wdt_enable), (16 bytes).
    Removing at32f413_wdt.o(i.wdt_flag_get), (24 bytes).
    Removing at32f413_wdt.o(i.wdt_register_write_enable), (24 bytes).
    Removing at32f413_wdt.o(i.wdt_reload_value_set), (12 bytes).
    Removing at32f413_wwdt.o(.rev16_text), (4 bytes).
    Removing at32f413_wwdt.o(.revsh_text), (4 bytes).
    Removing at32f413_wwdt.o(.rrx_text), (6 bytes).
    Removing at32f413_wwdt.o(i.wwdt_counter_set), (20 bytes).
    Removing at32f413_wwdt.o(i.wwdt_divider_set), (20 bytes).
    Removing at32f413_wwdt.o(i.wwdt_enable), (16 bytes).
    Removing at32f413_wwdt.o(i.wwdt_flag_clear), (12 bytes).
    Removing at32f413_wwdt.o(i.wwdt_flag_get), (16 bytes).
    Removing at32f413_wwdt.o(i.wwdt_interrupt_enable), (24 bytes).
    Removing at32f413_wwdt.o(i.wwdt_reset), (24 bytes).
    Removing at32f413_wwdt.o(i.wwdt_window_counter_set), (20 bytes).
    Removing system_at32f413.o(.rev16_text), (4 bytes).
    Removing system_at32f413.o(.revsh_text), (4 bytes).
    Removing system_at32f413.o(.rrx_text), (6 bytes).
    Removing croutine.o(.data), (4 bytes).
    Removing event_groups.o(i.prvTestWaitCondition), (30 bytes).
    Removing event_groups.o(i.vEventGroupClearBitsCallback), (16 bytes).
    Removing event_groups.o(i.vEventGroupDelete), (82 bytes).
    Removing event_groups.o(i.vEventGroupSetBitsCallback), (16 bytes).
    Removing event_groups.o(i.xEventGroupClearBits), (92 bytes).
    Removing event_groups.o(i.xEventGroupCreate), (26 bytes).
    Removing event_groups.o(i.xEventGroupGetBitsFromISR), (44 bytes).
    Removing event_groups.o(i.xEventGroupSetBits), (206 bytes).
    Removing event_groups.o(i.xEventGroupSync), (236 bytes).
    Removing event_groups.o(i.xEventGroupWaitBits), (300 bytes).
    Removing event_groups.o(.data), (4 bytes).
    Removing list.o(.data), (4 bytes).
    Removing queue.o(i.prvCopyDataFromQueue), (42 bytes).
    Removing queue.o(i.prvCopyDataToQueue), (106 bytes).
    Removing queue.o(i.prvInitialiseNewQueue), (38 bytes).
    Removing queue.o(i.prvIsQueueEmpty), (26 bytes).
    Removing queue.o(i.prvIsQueueFull), (30 bytes).
    Removing queue.o(i.prvUnlockQueue), (126 bytes).
    Removing queue.o(i.uxQueueMessagesWaiting), (42 bytes).
    Removing queue.o(i.uxQueueMessagesWaitingFromISR), (34 bytes).
    Removing queue.o(i.uxQueueSpacesAvailable), (48 bytes).
    Removing queue.o(i.vQueueDelete), (38 bytes).
    Removing queue.o(i.xQueueGenericCreate), (162 bytes).
    Removing queue.o(i.xQueueGenericReset), (152 bytes).
    Removing queue.o(i.xQueueGenericSend), (384 bytes).
    Removing queue.o(i.xQueueGenericSendFromISR), (288 bytes).
    Removing queue.o(i.xQueueGiveFromISR), (260 bytes).
    Removing queue.o(i.xQueueIsQueueEmptyFromISR), (42 bytes).
    Removing queue.o(i.xQueueIsQueueFullFromISR), (46 bytes).
    Removing queue.o(i.xQueuePeek), (328 bytes).
    Removing queue.o(i.xQueuePeekFromISR), (176 bytes).
    Removing queue.o(i.xQueueReceive), (320 bytes).
    Removing queue.o(i.xQueueReceiveFromISR), (238 bytes).
    Removing queue.o(i.xQueueSemaphoreTake), (296 bytes).
    Removing queue.o(.data), (4 bytes).
    Removing stream_buffer.o(i.prvBytesInBuffer), (24 bytes).
    Removing stream_buffer.o(i.prvInitialiseNewStreamBuffer), (86 bytes).
    Removing stream_buffer.o(i.prvReadBytesFromBuffer), (202 bytes).
    Removing stream_buffer.o(i.prvReadMessageFromBuffer), (72 bytes).
    Removing stream_buffer.o(i.prvWriteBytesToBuffer), (186 bytes).
    Removing stream_buffer.o(i.prvWriteMessageToBuffer), (92 bytes).
    Removing stream_buffer.o(i.vStreamBufferDelete), (56 bytes).
    Removing stream_buffer.o(i.xStreamBufferBytesAvailable), (42 bytes).
    Removing stream_buffer.o(i.xStreamBufferGenericCreate), (172 bytes).
    Removing stream_buffer.o(i.xStreamBufferIsEmpty), (46 bytes).
    Removing stream_buffer.o(i.xStreamBufferIsFull), (64 bytes).
    Removing stream_buffer.o(i.xStreamBufferNextMessageLengthBytes), (120 bytes).
    Removing stream_buffer.o(i.xStreamBufferReceive), (260 bytes).
    Removing stream_buffer.o(i.xStreamBufferReceiveCompletedFromISR), (104 bytes).
    Removing stream_buffer.o(i.xStreamBufferReceiveFromISR), (186 bytes).
    Removing stream_buffer.o(i.xStreamBufferReset), (70 bytes).
    Removing stream_buffer.o(i.xStreamBufferSend), (348 bytes).
    Removing stream_buffer.o(i.xStreamBufferSendCompletedFromISR), (104 bytes).
    Removing stream_buffer.o(i.xStreamBufferSendFromISR), (186 bytes).
    Removing stream_buffer.o(i.xStreamBufferSetTriggerLevel), (50 bytes).
    Removing stream_buffer.o(i.xStreamBufferSpacesAvailable), (54 bytes).
    Removing stream_buffer.o(.data), (4 bytes).
    Removing tasks.o(i.pcTaskGetName), (48 bytes).
    Removing tasks.o(i.prvTaskIsTaskSuspended), (88 bytes).
    Removing tasks.o(i.ulTaskGenericNotifyTake), (168 bytes).
    Removing tasks.o(i.ulTaskGenericNotifyValueClear), (64 bytes).
    Removing tasks.o(i.uxTaskGetNumberOfTasks), (12 bytes).
    Removing tasks.o(i.uxTaskPriorityGet), (36 bytes).
    Removing tasks.o(i.uxTaskPriorityGetFromISR), (68 bytes).
    Removing tasks.o(i.uxTaskResetEventItemValue), (28 bytes).
    Removing tasks.o(i.vTaskDelete), (244 bytes).
    Removing tasks.o(i.vTaskEndScheduler), (36 bytes).
    Removing tasks.o(i.vTaskGenericNotifyGiveFromISR), (292 bytes).
    Removing tasks.o(i.vTaskInternalSetTimeOutState), (24 bytes).
    Removing tasks.o(i.vTaskMissedYield), (12 bytes).
    Removing tasks.o(i.vTaskPlaceOnEventList), (56 bytes).
    Removing tasks.o(i.vTaskPlaceOnUnorderedEventList), (108 bytes).
    Removing tasks.o(i.vTaskPrioritySet), (268 bytes).
    Removing tasks.o(i.vTaskRemoveFromUnorderedEventList), (164 bytes).
    Removing tasks.o(i.vTaskResume), (144 bytes).
    Removing tasks.o(i.vTaskSetTimeOutState), (60 bytes).
    Removing tasks.o(i.vTaskSuspend), (256 bytes).
    Removing tasks.o(i.xTaskCatchUpTicks), (72 bytes).
    Removing tasks.o(i.xTaskCheckForTimeOut), (144 bytes).
    Removing tasks.o(i.xTaskDelayUntil), (216 bytes).
    Removing tasks.o(i.xTaskGenericNotify), (384 bytes).
    Removing tasks.o(i.xTaskGenericNotifyFromISR), (440 bytes).
    Removing tasks.o(i.xTaskGenericNotifyStateClear), (96 bytes).
    Removing tasks.o(i.xTaskGenericNotifyWait), (204 bytes).
    Removing tasks.o(i.xTaskGetCurrentTaskHandle), (12 bytes).
    Removing tasks.o(i.xTaskGetTickCount), (12 bytes).
    Removing tasks.o(i.xTaskGetTickCountFromISR), (20 bytes).
    Removing tasks.o(i.xTaskRemoveFromEventList), (152 bytes).
    Removing tasks.o(i.xTaskResumeFromISR), (188 bytes).
    Removing timers.o(.data), (4 bytes).
    Removing heap_4.o(i.vPortGetHeapStats), (128 bytes).
    Removing heap_4.o(i.vPortInitialiseBlocks), (2 bytes).
    Removing heap_4.o(i.xPortGetFreeHeapSize), (12 bytes).
    Removing heap_4.o(i.xPortGetMinimumEverFreeHeapSize), (12 bytes).
    Removing port.o(i.vPortEndScheduler), (48 bytes).
    Removing port.o(i.vPortValidateInterruptPriority), (120 bytes).

588 unused section(s) (total 30126 bytes) removed from the image.

==============================================================================

Image Symbol Table

    Local Symbols

    Symbol Name                              Value     Ov Type        Size  Object(Section)

    ../clib/angel/boardlib.s                 0x00000000   Number         0  boardinit3.o ABSOLUTE
    ../clib/angel/boardlib.s                 0x00000000   Number         0  boardinit2.o ABSOLUTE
    ../clib/angel/boardlib.s                 0x00000000   Number         0  boardinit1.o ABSOLUTE
    ../clib/angel/boardlib.s                 0x00000000   Number         0  boardshut.o ABSOLUTE
    ../clib/angel/handlers.s                 0x00000000   Number         0  __scatter_copy.o ABSOLUTE
    ../clib/angel/handlers.s                 0x00000000   Number         0  __scatter_zi.o ABSOLUTE
    ../clib/angel/kernel.s                   0x00000000   Number         0  __rtentry2.o ABSOLUTE
    ../clib/angel/kernel.s                   0x00000000   Number         0  __rtentry4.o ABSOLUTE
    ../clib/angel/kernel.s                   0x00000000   Number         0  __rtentry.o ABSOLUTE
    ../clib/angel/kernel.s                   0x00000000   Number         0  rtexit.o ABSOLUTE
    ../clib/angel/kernel.s                   0x00000000   Number         0  rtexit2.o ABSOLUTE
    ../clib/angel/rt.s                       0x00000000   Number         0  rt_raise.o ABSOLUTE
    ../clib/angel/scatter.s                  0x00000000   Number         0  __scatter.o ABSOLUTE
    ../clib/angel/startup.s                  0x00000000   Number         0  __main.o ABSOLUTE
    ../clib/angel/sys.s                      0x00000000   Number         0  indicate_semi.o ABSOLUTE
    ../clib/angel/sys.s                      0x00000000   Number         0  use_no_semi_2.o ABSOLUTE
    ../clib/angel/sys.s                      0x00000000   Number         0  libspace.o ABSOLUTE
    ../clib/angel/sys.s                      0x00000000   Number         0  sys_stackheap_outer.o ABSOLUTE
    ../clib/angel/sys.s                      0x00000000   Number         0  use_no_semi.o ABSOLUTE
    ../clib/angel/sysapp.c                   0x00000000   Number         0  sys_command.o ABSOLUTE
    ../clib/armsys.c                         0x00000000   Number         0  argv_veneer.o ABSOLUTE
    ../clib/armsys.c                         0x00000000   Number         0  no_argv.o ABSOLUTE
    ../clib/armsys.c                         0x00000000   Number         0  _get_argv_nomalloc.o ABSOLUTE
    ../clib/armsys.c                         0x00000000   Number         0  argv_veneer.o ABSOLUTE
    ../clib/heapalloc.c                      0x00000000   Number         0  hrguard.o ABSOLUTE
    ../clib/heapaux.c                        0x00000000   Number         0  heapauxi.o ABSOLUTE
    ../clib/libinit.s                        0x00000000   Number         0  libinit.o ABSOLUTE
    ../clib/libinit.s                        0x00000000   Number         0  libshutdown2.o ABSOLUTE
    ../clib/libinit.s                        0x00000000   Number         0  libshutdown.o ABSOLUTE
    ../clib/libinit.s                        0x00000000   Number         0  libinit2.o ABSOLUTE
    ../clib/memcpset.s                       0x00000000   Number         0  rt_memcpy_w.o ABSOLUTE
    ../clib/memcpset.s                       0x00000000   Number         0  rt_memclr.o ABSOLUTE
    ../clib/memcpset.s                       0x00000000   Number         0  rt_memcpy_v6.o ABSOLUTE
    ../clib/memcpset.s                       0x00000000   Number         0  memset.o ABSOLUTE
    ../clib/memcpset.s                       0x00000000   Number         0  rt_memclr_w.o ABSOLUTE
    ../clib/printf.c                         0x00000000   Number         0  _printf_char_file.o ABSOLUTE
    ../clib/printf.c                         0x00000000   Number         0  __printf_nopercent.o ABSOLUTE
    ../clib/printf.c                         0x00000000   Number         0  _printf_char_common.o ABSOLUTE
    ../clib/printf.c                         0x00000000   Number         0  __2printf.o ABSOLUTE
    ../clib/printf.c                         0x00000000   Number         0  noretval__2printf.o ABSOLUTE
    ../clib/signal.c                         0x00000000   Number         0  defsig_fpe_inner.o ABSOLUTE
    ../clib/signal.c                         0x00000000   Number         0  defsig_abrt_inner.o ABSOLUTE
    ../clib/signal.c                         0x00000000   Number         0  defsig_other.o ABSOLUTE
    ../clib/signal.c                         0x00000000   Number         0  defsig_segv_inner.o ABSOLUTE
    ../clib/signal.c                         0x00000000   Number         0  defsig_general.o ABSOLUTE
    ../clib/signal.c                         0x00000000   Number         0  __raise.o ABSOLUTE
    ../clib/signal.c                         0x00000000   Number         0  defsig_rtmem_inner.o ABSOLUTE
    ../clib/signal.c                         0x00000000   Number         0  defsig_exit.o ABSOLUTE
    ../clib/signal.c                         0x00000000   Number         0  defsig_rtmem_formal.o ABSOLUTE
    ../clib/signal.c                         0x00000000   Number         0  defsig_cppl_inner.o ABSOLUTE
    ../clib/signal.c                         0x00000000   Number         0  defsig_pvfn_inner.o ABSOLUTE
    ../clib/signal.c                         0x00000000   Number         0  defsig_rtmem_outer.o ABSOLUTE
    ../clib/signal.c                         0x00000000   Number         0  defsig_stak_inner.o ABSOLUTE
    ../clib/signal.c                         0x00000000   Number         0  defsig_rtred_inner.o ABSOLUTE
    ../clib/signal.s                         0x00000000   Number         0  defsig.o ABSOLUTE
    ../clib/stdio.c                          0x00000000   Number         0  ferror_locked.o ABSOLUTE
    ../clib/stdio.c                          0x00000000   Number         0  ferror.o ABSOLUTE
    ../clib/stdlib.c                         0x00000000   Number         0  exit.o ABSOLUTE
    ../fplib/fpinit.s                        0x00000000   Number         0  fpinit.o ABSOLUTE
    ..\..\..\libraries\cmsis\cm4\device_support\startup\mdk\startup_at32f413.s 0x00000000   Number         0  startup_at32f413.o ABSOLUTE
    ..\..\..\libraries\cmsis\cm4\device_support\system_at32f413.c 0x00000000   Number         0  system_at32f413.o ABSOLUTE
    ..\..\..\libraries\drivers\src\at32f413_acc.c 0x00000000   Number         0  at32f413_acc.o ABSOLUTE
    ..\..\..\libraries\drivers\src\at32f413_adc.c 0x00000000   Number         0  at32f413_adc.o ABSOLUTE
    ..\..\..\libraries\drivers\src\at32f413_bpr.c 0x00000000   Number         0  at32f413_bpr.o ABSOLUTE
    ..\..\..\libraries\drivers\src\at32f413_can.c 0x00000000   Number         0  at32f413_can.o ABSOLUTE
    ..\..\..\libraries\drivers\src\at32f413_crc.c 0x00000000   Number         0  at32f413_crc.o ABSOLUTE
    ..\..\..\libraries\drivers\src\at32f413_crm.c 0x00000000   Number         0  at32f413_crm.o ABSOLUTE
    ..\..\..\libraries\drivers\src\at32f413_debug.c 0x00000000   Number         0  at32f413_debug.o ABSOLUTE
    ..\..\..\libraries\drivers\src\at32f413_dma.c 0x00000000   Number         0  at32f413_dma.o ABSOLUTE
    ..\..\..\libraries\drivers\src\at32f413_exint.c 0x00000000   Number         0  at32f413_exint.o ABSOLUTE
    ..\..\..\libraries\drivers\src\at32f413_flash.c 0x00000000   Number         0  at32f413_flash.o ABSOLUTE
    ..\..\..\libraries\drivers\src\at32f413_gpio.c 0x00000000   Number         0  at32f413_gpio.o ABSOLUTE
    ..\..\..\libraries\drivers\src\at32f413_i2c.c 0x00000000   Number         0  at32f413_i2c.o ABSOLUTE
    ..\..\..\libraries\drivers\src\at32f413_misc.c 0x00000000   Number         0  at32f413_misc.o ABSOLUTE
    ..\..\..\libraries\drivers\src\at32f413_pwc.c 0x00000000   Number         0  at32f413_pwc.o ABSOLUTE
    ..\..\..\libraries\drivers\src\at32f413_rtc.c 0x00000000   Number         0  at32f413_rtc.o ABSOLUTE
    ..\..\..\libraries\drivers\src\at32f413_sdio.c 0x00000000   Number         0  at32f413_sdio.o ABSOLUTE
    ..\..\..\libraries\drivers\src\at32f413_spi.c 0x00000000   Number         0  at32f413_spi.o ABSOLUTE
    ..\..\..\libraries\drivers\src\at32f413_tmr.c 0x00000000   Number         0  at32f413_tmr.o ABSOLUTE
    ..\..\..\libraries\drivers\src\at32f413_usart.c 0x00000000   Number         0  at32f413_usart.o ABSOLUTE
    ..\..\..\libraries\drivers\src\at32f413_usb.c 0x00000000   Number         0  at32f413_usb.o ABSOLUTE
    ..\..\..\libraries\drivers\src\at32f413_wdt.c 0x00000000   Number         0  at32f413_wdt.o ABSOLUTE
    ..\..\..\libraries\drivers\src\at32f413_wwdt.c 0x00000000   Number         0  at32f413_wwdt.o ABSOLUTE
    ..\..\..\middlewares\freertos\source\croutine.c 0x00000000   Number         0  croutine.o ABSOLUTE
    ..\..\..\middlewares\freertos\source\event_groups.c 0x00000000   Number         0  event_groups.o ABSOLUTE
    ..\..\..\middlewares\freertos\source\list.c 0x00000000   Number         0  list.o ABSOLUTE
    ..\..\..\middlewares\freertos\source\portable\memmang\heap_4.c 0x00000000   Number         0  heap_4.o ABSOLUTE
    ..\..\..\middlewares\freertos\source\portable\rvds\ARM_CM4F\port.c 0x00000000   Number         0  port.o ABSOLUTE
    ..\..\..\middlewares\freertos\source\queue.c 0x00000000   Number         0  queue.o ABSOLUTE
    ..\..\..\middlewares\freertos\source\stream_buffer.c 0x00000000   Number         0  stream_buffer.o ABSOLUTE
    ..\..\..\middlewares\freertos\source\tasks.c 0x00000000   Number         0  tasks.o ABSOLUTE
    ..\..\..\middlewares\freertos\source\timers.c 0x00000000   Number         0  timers.o ABSOLUTE
    ..\..\..\project\at32f413_board\at32f413_board.c 0x00000000   Number         0  at32f413_board.o ABSOLUTE
    ..\\..\\..\\libraries\\cmsis\\cm4\\device_support\\system_at32f413.c 0x00000000   Number         0  system_at32f413.o ABSOLUTE
    ..\\..\\..\\libraries\\drivers\\src\\at32f413_acc.c 0x00000000   Number         0  at32f413_acc.o ABSOLUTE
    ..\\..\\..\\libraries\\drivers\\src\\at32f413_adc.c 0x00000000   Number         0  at32f413_adc.o ABSOLUTE
    ..\\..\\..\\libraries\\drivers\\src\\at32f413_bpr.c 0x00000000   Number         0  at32f413_bpr.o ABSOLUTE
    ..\\..\\..\\libraries\\drivers\\src\\at32f413_can.c 0x00000000   Number         0  at32f413_can.o ABSOLUTE
    ..\\..\\..\\libraries\\drivers\\src\\at32f413_crc.c 0x00000000   Number         0  at32f413_crc.o ABSOLUTE
    ..\\..\\..\\libraries\\drivers\\src\\at32f413_crm.c 0x00000000   Number         0  at32f413_crm.o ABSOLUTE
    ..\\..\\..\\libraries\\drivers\\src\\at32f413_debug.c 0x00000000   Number         0  at32f413_debug.o ABSOLUTE
    ..\\..\\..\\libraries\\drivers\\src\\at32f413_dma.c 0x00000000   Number         0  at32f413_dma.o ABSOLUTE
    ..\\..\\..\\libraries\\drivers\\src\\at32f413_exint.c 0x00000000   Number         0  at32f413_exint.o ABSOLUTE
    ..\\..\\..\\libraries\\drivers\\src\\at32f413_flash.c 0x00000000   Number         0  at32f413_flash.o ABSOLUTE
    ..\\..\\..\\libraries\\drivers\\src\\at32f413_gpio.c 0x00000000   Number         0  at32f413_gpio.o ABSOLUTE
    ..\\..\\..\\libraries\\drivers\\src\\at32f413_i2c.c 0x00000000   Number         0  at32f413_i2c.o ABSOLUTE
    ..\\..\\..\\libraries\\drivers\\src\\at32f413_misc.c 0x00000000   Number         0  at32f413_misc.o ABSOLUTE
    ..\\..\\..\\libraries\\drivers\\src\\at32f413_pwc.c 0x00000000   Number         0  at32f413_pwc.o ABSOLUTE
    ..\\..\\..\\libraries\\drivers\\src\\at32f413_rtc.c 0x00000000   Number         0  at32f413_rtc.o ABSOLUTE
    ..\\..\\..\\libraries\\drivers\\src\\at32f413_sdio.c 0x00000000   Number         0  at32f413_sdio.o ABSOLUTE
    ..\\..\\..\\libraries\\drivers\\src\\at32f413_spi.c 0x00000000   Number         0  at32f413_spi.o ABSOLUTE
    ..\\..\\..\\libraries\\drivers\\src\\at32f413_tmr.c 0x00000000   Number         0  at32f413_tmr.o ABSOLUTE
    ..\\..\\..\\libraries\\drivers\\src\\at32f413_usart.c 0x00000000   Number         0  at32f413_usart.o ABSOLUTE
    ..\\..\\..\\libraries\\drivers\\src\\at32f413_usb.c 0x00000000   Number         0  at32f413_usb.o ABSOLUTE
    ..\\..\\..\\libraries\\drivers\\src\\at32f413_wdt.c 0x00000000   Number         0  at32f413_wdt.o ABSOLUTE
    ..\\..\\..\\libraries\\drivers\\src\\at32f413_wwdt.c 0x00000000   Number         0  at32f413_wwdt.o ABSOLUTE
    ..\\..\\..\\middlewares\\freertos\\source\\portable\\rvds\\ARM_CM4F\\port.c 0x00000000   Number         0  port.o ABSOLUTE
    ..\\..\\..\\project\\at32f413_board\\at32f413_board.c 0x00000000   Number         0  at32f413_board.o ABSOLUTE
    ..\\src\\at32f413_clock.c                0x00000000   Number         0  at32f413_clock.o ABSOLUTE
    ..\\src\\at32f413_int.c                  0x00000000   Number         0  at32f413_int.o ABSOLUTE
    ..\\src\\main.c                          0x00000000   Number         0  main.o ABSOLUTE
    ..\src\at32f413_clock.c                  0x00000000   Number         0  at32f413_clock.o ABSOLUTE
    ..\src\at32f413_int.c                    0x00000000   Number         0  at32f413_int.o ABSOLUTE
    ..\src\main.c                            0x00000000   Number         0  main.o ABSOLUTE
    dc.s                                     0x00000000   Number         0  dc.o ABSOLUTE
    RESET                                    0x08000000   Section      368  startup_at32f413.o(RESET)
    !!!main                                  0x08000170   Section        8  __main.o(!!!main)
    !!!scatter                               0x08000178   Section       52  __scatter.o(!!!scatter)
    !!handler_copy                           0x080001ac   Section       26  __scatter_copy.o(!!handler_copy)
    !!handler_zi                             0x080001c8   Section       28  __scatter_zi.o(!!handler_zi)
    .ARM.Collect$$libinit$$00000000          0x080001e4   Section        2  libinit.o(.ARM.Collect$$libinit$$00000000)
    .ARM.Collect$$libinit$$00000001          0x080001e6   Section        4  libinit2.o(.ARM.Collect$$libinit$$00000001)
    .ARM.Collect$$libinit$$00000004          0x080001ea   Section        0  libinit2.o(.ARM.Collect$$libinit$$00000004)
    .ARM.Collect$$libinit$$0000000A          0x080001ea   Section        0  libinit2.o(.ARM.Collect$$libinit$$0000000A)
    .ARM.Collect$$libinit$$0000000C          0x080001ea   Section        0  libinit2.o(.ARM.Collect$$libinit$$0000000C)
    .ARM.Collect$$libinit$$0000000E          0x080001ea   Section        0  libinit2.o(.ARM.Collect$$libinit$$0000000E)
    .ARM.Collect$$libinit$$00000011          0x080001ea   Section        0  libinit2.o(.ARM.Collect$$libinit$$00000011)
    .ARM.Collect$$libinit$$00000013          0x080001ea   Section        0  libinit2.o(.ARM.Collect$$libinit$$00000013)
    .ARM.Collect$$libinit$$00000015          0x080001ea   Section        0  libinit2.o(.ARM.Collect$$libinit$$00000015)
    .ARM.Collect$$libinit$$00000017          0x080001ea   Section        0  libinit2.o(.ARM.Collect$$libinit$$00000017)
    .ARM.Collect$$libinit$$00000019          0x080001ea   Section        0  libinit2.o(.ARM.Collect$$libinit$$00000019)
    .ARM.Collect$$libinit$$0000001B          0x080001ea   Section        0  libinit2.o(.ARM.Collect$$libinit$$0000001B)
    .ARM.Collect$$libinit$$0000001D          0x080001ea   Section        0  libinit2.o(.ARM.Collect$$libinit$$0000001D)
    .ARM.Collect$$libinit$$0000001F          0x080001ea   Section        0  libinit2.o(.ARM.Collect$$libinit$$0000001F)
    .ARM.Collect$$libinit$$00000021          0x080001ea   Section        0  libinit2.o(.ARM.Collect$$libinit$$00000021)
    .ARM.Collect$$libinit$$00000023          0x080001ea   Section        0  libinit2.o(.ARM.Collect$$libinit$$00000023)
    .ARM.Collect$$libinit$$00000025          0x080001ea   Section        0  libinit2.o(.ARM.Collect$$libinit$$00000025)
    .ARM.Collect$$libinit$$0000002C          0x080001ea   Section        0  libinit2.o(.ARM.Collect$$libinit$$0000002C)
    .ARM.Collect$$libinit$$0000002E          0x080001ea   Section        0  libinit2.o(.ARM.Collect$$libinit$$0000002E)
    .ARM.Collect$$libinit$$00000030          0x080001ea   Section        0  libinit2.o(.ARM.Collect$$libinit$$00000030)
    .ARM.Collect$$libinit$$00000032          0x080001ea   Section        0  libinit2.o(.ARM.Collect$$libinit$$00000032)
    .ARM.Collect$$libinit$$00000033          0x080001ea   Section        2  libinit2.o(.ARM.Collect$$libinit$$00000033)
    .ARM.Collect$$libshutdown$$00000000      0x080001ec   Section        2  libshutdown.o(.ARM.Collect$$libshutdown$$00000000)
    .ARM.Collect$$libshutdown$$00000002      0x080001ee   Section        0  libshutdown2.o(.ARM.Collect$$libshutdown$$00000002)
    .ARM.Collect$$libshutdown$$00000004      0x080001ee   Section        0  libshutdown2.o(.ARM.Collect$$libshutdown$$00000004)
    .ARM.Collect$$libshutdown$$00000007      0x080001ee   Section        0  libshutdown2.o(.ARM.Collect$$libshutdown$$00000007)
    .ARM.Collect$$libshutdown$$0000000A      0x080001ee   Section        0  libshutdown2.o(.ARM.Collect$$libshutdown$$0000000A)
    .ARM.Collect$$libshutdown$$0000000C      0x080001ee   Section        0  libshutdown2.o(.ARM.Collect$$libshutdown$$0000000C)
    .ARM.Collect$$libshutdown$$0000000F      0x080001ee   Section        0  libshutdown2.o(.ARM.Collect$$libshutdown$$0000000F)
    .ARM.Collect$$libshutdown$$00000010      0x080001ee   Section        2  libshutdown2.o(.ARM.Collect$$libshutdown$$00000010)
    .ARM.Collect$$rtentry$$00000000          0x080001f0   Section        0  __rtentry.o(.ARM.Collect$$rtentry$$00000000)
    .ARM.Collect$$rtentry$$00000002          0x080001f0   Section        0  __rtentry2.o(.ARM.Collect$$rtentry$$00000002)
    .ARM.Collect$$rtentry$$00000004          0x080001f0   Section        6  __rtentry4.o(.ARM.Collect$$rtentry$$00000004)
    .ARM.Collect$$rtentry$$00000009          0x080001f6   Section        0  __rtentry2.o(.ARM.Collect$$rtentry$$00000009)
    .ARM.Collect$$rtentry$$0000000A          0x080001f6   Section        4  __rtentry2.o(.ARM.Collect$$rtentry$$0000000A)
    .ARM.Collect$$rtentry$$0000000C          0x080001fa   Section        0  __rtentry2.o(.ARM.Collect$$rtentry$$0000000C)
    .ARM.Collect$$rtentry$$0000000D          0x080001fa   Section        8  __rtentry2.o(.ARM.Collect$$rtentry$$0000000D)
    .ARM.Collect$$rtexit$$00000000           0x08000202   Section        2  rtexit.o(.ARM.Collect$$rtexit$$00000000)
    .ARM.Collect$$rtexit$$00000002           0x08000204   Section        0  rtexit2.o(.ARM.Collect$$rtexit$$00000002)
    .ARM.Collect$$rtexit$$00000003           0x08000204   Section        4  rtexit2.o(.ARM.Collect$$rtexit$$00000003)
    .ARM.Collect$$rtexit$$00000004           0x08000208   Section        6  rtexit2.o(.ARM.Collect$$rtexit$$00000004)
    .emb_text                                0x08000210   Section      190  port.o(.emb_text)
    $v0                                      0x08000210   Number         0  port.o(.emb_text)
    .text                                    0x080002d0   Section       64  startup_at32f413.o(.text)
    $v0                                      0x080002d0   Number         0  startup_at32f413.o(.text)
    .text                                    0x08000310   Section        2  use_no_semi_2.o(.text)
    .text                                    0x08000314   Section        0  noretval__2printf.o(.text)
    .text                                    0x0800032c   Section        0  heapauxi.o(.text)
    .text                                    0x08000332   Section        2  use_no_semi.o(.text)
    .text                                    0x08000334   Section        0  _printf_char_file.o(.text)
    .text                                    0x08000358   Section        0  _printf_char_common.o(.text)
    _printf_input_char                       0x08000359   Thumb Code    10  _printf_char_common.o(.text)
    .text                                    0x08000388   Section        0  ferror.o(.text)
    .text                                    0x08000390   Section       74  sys_stackheap_outer.o(.text)
    .text                                    0x080003da   Section        0  __printf_nopercent.o(.text)
    .text                                    0x08000402   Section        0  exit.o(.text)
    .text                                    0x08000414   Section        8  libspace.o(.text)
    i.BusFault_Handler                       0x0800041c   Section        0  at32f413_int.o(i.BusFault_Handler)
    i.DebugMon_Handler                       0x08000420   Section        0  at32f413_int.o(i.DebugMon_Handler)
    i.HardFault_Handler                      0x08000422   Section        0  at32f413_int.o(i.HardFault_Handler)
    i.MemManage_Handler                      0x08000426   Section        0  at32f413_int.o(i.MemManage_Handler)
    i.NMI_Handler                            0x0800042a   Section        0  at32f413_int.o(i.NMI_Handler)
    i.SysTick_Handler                        0x0800042c   Section        0  port.o(i.SysTick_Handler)
    i.SystemInit                             0x08000460   Section        0  system_at32f413.o(i.SystemInit)
    i.UsageFault_Handler                     0x080004d0   Section        0  at32f413_int.o(i.UsageFault_Handler)
    i._sys_exit                              0x080004d4   Section        0  at32f413_board.o(i._sys_exit)
    i.at32_led_init                          0x080004d8   Section        0  at32f413_board.o(i.at32_led_init)
    i.at32_led_toggle                        0x08000528   Section        0  at32f413_board.o(i.at32_led_toggle)
    i.crm_ahb_div_set                        0x0800055c   Section        0  at32f413_crm.o(i.crm_ahb_div_set)
    i.crm_apb1_div_set                       0x08000570   Section        0  at32f413_crm.o(i.crm_apb1_div_set)
    i.crm_apb2_div_set                       0x08000584   Section        0  at32f413_crm.o(i.crm_apb2_div_set)
    i.crm_auto_step_mode_enable              0x08000598   Section        0  at32f413_crm.o(i.crm_auto_step_mode_enable)
    i.crm_clock_source_enable                0x080005c0   Section        0  at32f413_crm.o(i.crm_clock_source_enable)
    i.crm_clocks_freq_get                    0x08000620   Section        0  at32f413_crm.o(i.crm_clocks_freq_get)
    i.crm_flag_get                           0x08000734   Section        0  at32f413_crm.o(i.crm_flag_get)
    i.crm_hext_stable_wait                   0x08000764   Section        0  at32f413_crm.o(i.crm_hext_stable_wait)
    i.crm_periph_clock_enable                0x08000794   Section        0  at32f413_crm.o(i.crm_periph_clock_enable)
    i.crm_pll_config                         0x080007d8   Section        0  at32f413_crm.o(i.crm_pll_config)
    i.crm_reset                              0x08000844   Section        0  at32f413_crm.o(i.crm_reset)
    i.crm_sysclk_switch                      0x0800089c   Section        0  at32f413_crm.o(i.crm_sysclk_switch)
    i.crm_sysclk_switch_status_get           0x080008b0   Section        0  at32f413_crm.o(i.crm_sysclk_switch_status_get)
    i.delay_init                             0x080008c0   Section        0  at32f413_board.o(i.delay_init)
    i.delay_ms                               0x080008f8   Section        0  at32f413_board.o(i.delay_ms)
    i.fputc                                  0x0800096c   Section        0  at32f413_board.o(i.fputc)
    i.gpio_default_para_init                 0x08000990   Section        0  at32f413_gpio.o(i.gpio_default_para_init)
    i.gpio_init                              0x080009a6   Section        0  at32f413_gpio.o(i.gpio_init)
    i.led2_task_function                     0x08000a4e   Section        0  main.o(i.led2_task_function)
    i.led3_task_function                     0x08000a60   Section        0  main.o(i.led3_task_function)
    i.main                                   0x08000a74   Section        0  main.o(i.main)
    i.nvic_priority_group_config             0x08000b7c   Section        0  at32f413_misc.o(i.nvic_priority_group_config)
    i.prvAddCurrentTaskToDelayedList         0x08000ba4   Section        0  tasks.o(i.prvAddCurrentTaskToDelayedList)
    prvAddCurrentTaskToDelayedList           0x08000ba5   Thumb Code   124  tasks.o(i.prvAddCurrentTaskToDelayedList)
    i.prvAddNewTaskToReadyList               0x08000c3c   Section        0  tasks.o(i.prvAddNewTaskToReadyList)
    prvAddNewTaskToReadyList                 0x08000c3d   Thumb Code   150  tasks.o(i.prvAddNewTaskToReadyList)
    i.prvCheckTasksWaitingTermination        0x08000cf0   Section        0  tasks.o(i.prvCheckTasksWaitingTermination)
    prvCheckTasksWaitingTermination          0x08000cf1   Thumb Code    60  tasks.o(i.prvCheckTasksWaitingTermination)
    i.prvDeleteTCB                           0x08000d38   Section        0  tasks.o(i.prvDeleteTCB)
    prvDeleteTCB                             0x08000d39   Thumb Code    18  tasks.o(i.prvDeleteTCB)
    i.prvHeapInit                            0x08000d4c   Section        0  heap_4.o(i.prvHeapInit)
    prvHeapInit                              0x08000d4d   Thumb Code    98  heap_4.o(i.prvHeapInit)
    i.prvIdleTask                            0x08000dc8   Section        0  tasks.o(i.prvIdleTask)
    prvIdleTask                              0x08000dc9   Thumb Code    32  tasks.o(i.prvIdleTask)
    i.prvInitialiseNewTask                   0x08000df0   Section        0  tasks.o(i.prvInitialiseNewTask)
    prvInitialiseNewTask                     0x08000df1   Thumb Code   174  tasks.o(i.prvInitialiseNewTask)
    i.prvInitialiseTaskLists                 0x08000ea0   Section        0  tasks.o(i.prvInitialiseTaskLists)
    prvInitialiseTaskLists                   0x08000ea1   Thumb Code    70  tasks.o(i.prvInitialiseTaskLists)
    i.prvInsertBlockIntoFreeList             0x08000f08   Section        0  heap_4.o(i.prvInsertBlockIntoFreeList)
    prvInsertBlockIntoFreeList               0x08000f09   Thumb Code    96  heap_4.o(i.prvInsertBlockIntoFreeList)
    i.prvResetNextTaskUnblockTime            0x08000f70   Section        0  tasks.o(i.prvResetNextTaskUnblockTime)
    prvResetNextTaskUnblockTime              0x08000f71   Thumb Code    40  tasks.o(i.prvResetNextTaskUnblockTime)
    i.prvTaskExitError                       0x08000fa0   Section        0  port.o(i.prvTaskExitError)
    prvTaskExitError                         0x08000fa1   Thumb Code    60  port.o(i.prvTaskExitError)
    i.pvPortMalloc                           0x08000fe0   Section        0  heap_4.o(i.pvPortMalloc)
    i.pxPortInitialiseStack                  0x0800114c   Section        0  port.o(i.pxPortInitialiseStack)
    i.system_clock_config                    0x08001178   Section        0  at32f413_clock.o(i.system_clock_config)
    i.system_core_clock_update               0x080011e4   Section        0  system_at32f413.o(i.system_core_clock_update)
    i.systick_clock_source_config            0x080012cc   Section        0  at32f413_misc.o(i.systick_clock_source_config)
    i.uart_print_init                        0x080012f4   Section        0  at32f413_board.o(i.uart_print_init)
    i.usart_data_transmit                    0x08001360   Section        0  at32f413_usart.o(i.usart_data_transmit)
    i.usart_enable                           0x08001368   Section        0  at32f413_usart.o(i.usart_enable)
    i.usart_flag_get                         0x08001372   Section        0  at32f413_usart.o(i.usart_flag_get)
    i.usart_init                             0x08001384   Section        0  at32f413_usart.o(i.usart_init)
    i.usart_transmitter_enable               0x080013f0   Section        0  at32f413_usart.o(i.usart_transmitter_enable)
    i.uxListRemove                           0x080013fa   Section        0  list.o(i.uxListRemove)
    i.vListInitialise                        0x08001422   Section        0  list.o(i.vListInitialise)
    i.vListInitialiseItem                    0x0800143c   Section        0  list.o(i.vListInitialiseItem)
    i.vListInsert                            0x08001442   Section        0  list.o(i.vListInsert)
    i.vListInsertEnd                         0x08001476   Section        0  list.o(i.vListInsertEnd)
    i.vPortEnterCritical                     0x08001490   Section        0  port.o(i.vPortEnterCritical)
    i.vPortExitCritical                      0x080014e4   Section        0  port.o(i.vPortExitCritical)
    i.vPortFree                              0x08001520   Section        0  heap_4.o(i.vPortFree)
    i.vPortSetupTimerInterrupt               0x080015c4   Section        0  port.o(i.vPortSetupTimerInterrupt)
    i.vTaskDelay                             0x080015ec   Section        0  tasks.o(i.vTaskDelay)
    i.vTaskStartScheduler                    0x08001648   Section        0  tasks.o(i.vTaskStartScheduler)
    i.vTaskSuspendAll                        0x080016d8   Section        0  tasks.o(i.vTaskSuspendAll)
    i.vTaskSwitchContext                     0x080016e8   Section        0  tasks.o(i.vTaskSwitchContext)
    i.xPortStartScheduler                    0x08001774   Section        0  port.o(i.xPortStartScheduler)
    i.xTaskCreate                            0x080018dc   Section        0  tasks.o(i.xTaskCreate)
    i.xTaskIncrementTick                     0x0800193c   Section        0  tasks.o(i.xTaskIncrementTick)
    i.xTaskResumeAll                         0x08001a84   Section        0  tasks.o(i.xTaskResumeAll)
    x$fpl$fpinit                             0x08001b88   Section       10  fpinit.o(x$fpl$fpinit)
    $v0                                      0x08001b88   Number         0  fpinit.o(x$fpl$fpinit)
    .constdata                               0x08001b92   Section       40  at32f413_crm.o(.constdata)
    sclk_ahb_div_table                       0x08001b92   Data          16  at32f413_crm.o(.constdata)
    ahb_apb1_div_table                       0x08001ba2   Data           8  at32f413_crm.o(.constdata)
    ahb_apb2_div_table                       0x08001baa   Data           8  at32f413_crm.o(.constdata)
    adc_div_table                            0x08001bb2   Data           8  at32f413_crm.o(.constdata)
    .constdata                               0x08001bba   Section       16  system_at32f413.o(.constdata)
    sys_ahb_div_table                        0x08001bba   Data          16  system_at32f413.o(.constdata)
    .conststring                             0x08001bcc   Section      166  main.o(.conststring)
    .data                                    0x20000000   Section       12  main.o(.data)
    systemcoreclock                          0x20000000   Data           4  main.o(.data)
    .data                                    0x2000000c   Section       45  at32f413_board.o(.data)
    fac_us                                   0x2000002c   Data           4  at32f413_board.o(.data)
    fac_ms                                   0x20000030   Data           4  at32f413_board.o(.data)
    pressed                                  0x20000038   Data           1  at32f413_board.o(.data)
    .data                                    0x2000003c   Section        4  system_at32f413.o(.data)
    .data                                    0x20000040   Section       68  tasks.o(.data)
    systemcoreclock                          0x20000040   Data           4  tasks.o(.data)
    pxDelayedTaskList                        0x20000048   Data           4  tasks.o(.data)
    pxOverflowDelayedTaskList                0x2000004c   Data           4  tasks.o(.data)
    uxDeletedTasksWaitingCleanUp             0x20000050   Data           4  tasks.o(.data)
    uxCurrentNumberOfTasks                   0x20000054   Data           4  tasks.o(.data)
    xTickCount                               0x20000058   Data           4  tasks.o(.data)
    uxTopReadyPriority                       0x2000005c   Data           4  tasks.o(.data)
    xSchedulerRunning                        0x20000060   Data           4  tasks.o(.data)
    xPendedTicks                             0x20000064   Data           4  tasks.o(.data)
    xYieldPending                            0x20000068   Data           4  tasks.o(.data)
    xNumOfOverflows                          0x2000006c   Data           4  tasks.o(.data)
    uxTaskNumber                             0x20000070   Data           4  tasks.o(.data)
    xNextTaskUnblockTime                     0x20000074   Data           4  tasks.o(.data)
    xIdleTaskHandle                          0x20000078   Data           4  tasks.o(.data)
    uxSchedulerSuspended                     0x20000080   Data           4  tasks.o(.data)
    .data                                    0x20000084   Section       36  heap_4.o(.data)
    systemcoreclock                          0x20000084   Data           4  heap_4.o(.data)
    xStart                                   0x20000088   Data           8  heap_4.o(.data)
    pxEnd                                    0x20000090   Data           4  heap_4.o(.data)
    xFreeBytesRemaining                      0x20000094   Data           4  heap_4.o(.data)
    xMinimumEverFreeBytesRemaining           0x20000098   Data           4  heap_4.o(.data)
    xNumberOfSuccessfulAllocations           0x2000009c   Data           4  heap_4.o(.data)
    xNumberOfSuccessfulFrees                 0x200000a0   Data           4  heap_4.o(.data)
    xBlockAllocatedBit                       0x200000a4   Data           4  heap_4.o(.data)
    .data                                    0x200000a8   Section       16  port.o(.data)
    systemcoreclock                          0x200000a8   Data           4  port.o(.data)
    uxCriticalNesting                        0x200000ac   Data           4  port.o(.data)
    ucMaxSysCallPriority                     0x200000b0   Data           1  port.o(.data)
    ulMaxPRIGROUPValue                       0x200000b4   Data           4  port.o(.data)
    .bss                                     0x200000b8   Section      200  tasks.o(.bss)
    pxReadyTasksLists                        0x200000b8   Data         100  tasks.o(.bss)
    xDelayedTaskList1                        0x2000011c   Data          20  tasks.o(.bss)
    xDelayedTaskList2                        0x20000130   Data          20  tasks.o(.bss)
    xPendingReadyList                        0x20000144   Data          20  tasks.o(.bss)
    xTasksWaitingTermination                 0x20000158   Data          20  tasks.o(.bss)
    xSuspendedTaskList                       0x2000016c   Data          20  tasks.o(.bss)
    .bss                                     0x20000180   Section     8192  heap_4.o(.bss)
    ucHeap                                   0x20000180   Data        8192  heap_4.o(.bss)
    .bss                                     0x20002180   Section       96  libspace.o(.bss)
    HEAP                                     0x200021e0   Section      512  startup_at32f413.o(HEAP)
    Heap_Mem                                 0x200021e0   Data         512  startup_at32f413.o(HEAP)
    STACK                                    0x200023e0   Section     1024  startup_at32f413.o(STACK)
    Stack_Mem                                0x200023e0   Data        1024  startup_at32f413.o(STACK)
    __initial_sp                             0x200027e0   Data           0  startup_at32f413.o(STACK)

    Global Symbols

    Symbol Name                              Value     Ov Type        Size  Object(Section)

    BuildAttributes$$THM_ISAv4$E$P$D$K$B$S$7EM$VFPi3$EXTD16$VFPS$VFMA$PE$A:L22UL41UL21$X:L11$S22US41US21$IEEE1$IW$USESV6$~STKCKD$USESV7$~SHL$OSPACE$ROPI$EBA8$UX$STANDARDLIB$REQ8$PRES8$EABIv2 0x00000000   Number         0  anon$$obj.o ABSOLUTE
    __ARM_use_no_argv                        0x00000000   Number         0  main.o ABSOLUTE
    __ARM_exceptions_init                     - Undefined Weak Reference
    __alloca_initialize                       - Undefined Weak Reference
    __arm_preinit_                            - Undefined Weak Reference
    __cpp_initialize__aeabi_                  - Undefined Weak Reference
    __cxa_finalize                            - Undefined Weak Reference
    __rt_locale                               - Undefined Weak Reference
    __sigvec_lookup                           - Undefined Weak Reference
    _atexit_init                              - Undefined Weak Reference
    _call_atexit_fns                          - Undefined Weak Reference
    _clock_init                               - Undefined Weak Reference
    _fp_trap_init                             - Undefined Weak Reference
    _fp_trap_shutdown                         - Undefined Weak Reference
    _get_lc_collate                           - Undefined Weak Reference
    _get_lc_ctype                             - Undefined Weak Reference
    _get_lc_monetary                          - Undefined Weak Reference
    _get_lc_numeric                           - Undefined Weak Reference
    _get_lc_time                              - Undefined Weak Reference
    _getenv_init                              - Undefined Weak Reference
    _handle_redirection                       - Undefined Weak Reference
    _init_alloc                               - Undefined Weak Reference
    _init_user_alloc                          - Undefined Weak Reference
    _initio                                   - Undefined Weak Reference
    _mutex_acquire                            - Undefined Weak Reference
    _mutex_release                            - Undefined Weak Reference
    _rand_init                                - Undefined Weak Reference
    _signal_finish                            - Undefined Weak Reference
    _signal_init                              - Undefined Weak Reference
    _terminate_alloc                          - Undefined Weak Reference
    _terminate_user_alloc                     - Undefined Weak Reference
    _terminateio                              - Undefined Weak Reference
    __Vectors_Size                           0x00000170   Number         0  startup_at32f413.o ABSOLUTE
    __Vectors                                0x08000000   Data           4  startup_at32f413.o(RESET)
    __Vectors_End                            0x08000170   Data           0  startup_at32f413.o(RESET)
    __main                                   0x08000171   Thumb Code     8  __main.o(!!!main)
    __scatterload                            0x08000179   Thumb Code     0  __scatter.o(!!!scatter)
    __scatterload_rt2                        0x08000179   Thumb Code    44  __scatter.o(!!!scatter)
    __scatterload_rt2_thumb_only             0x08000179   Thumb Code     0  __scatter.o(!!!scatter)
    __scatterload_null                       0x08000187   Thumb Code     0  __scatter.o(!!!scatter)
    __scatterload_copy                       0x080001ad   Thumb Code    26  __scatter_copy.o(!!handler_copy)
    __scatterload_zeroinit                   0x080001c9   Thumb Code    28  __scatter_zi.o(!!handler_zi)
    __rt_lib_init                            0x080001e5   Thumb Code     0  libinit.o(.ARM.Collect$$libinit$$00000000)
    __rt_lib_init_fp_1                       0x080001e7   Thumb Code     0  libinit2.o(.ARM.Collect$$libinit$$00000001)
    __rt_lib_init_alloca_1                   0x080001eb   Thumb Code     0  libinit2.o(.ARM.Collect$$libinit$$0000002E)
    __rt_lib_init_argv_1                     0x080001eb   Thumb Code     0  libinit2.o(.ARM.Collect$$libinit$$0000002C)
    __rt_lib_init_atexit_1                   0x080001eb   Thumb Code     0  libinit2.o(.ARM.Collect$$libinit$$0000001B)
    __rt_lib_init_clock_1                    0x080001eb   Thumb Code     0  libinit2.o(.ARM.Collect$$libinit$$00000021)
    __rt_lib_init_cpp_1                      0x080001eb   Thumb Code     0  libinit2.o(.ARM.Collect$$libinit$$00000032)
    __rt_lib_init_exceptions_1               0x080001eb   Thumb Code     0  libinit2.o(.ARM.Collect$$libinit$$00000030)
    __rt_lib_init_fp_trap_1                  0x080001eb   Thumb Code     0  libinit2.o(.ARM.Collect$$libinit$$0000001F)
    __rt_lib_init_getenv_1                   0x080001eb   Thumb Code     0  libinit2.o(.ARM.Collect$$libinit$$00000023)
    __rt_lib_init_heap_1                     0x080001eb   Thumb Code     0  libinit2.o(.ARM.Collect$$libinit$$0000000A)
    __rt_lib_init_lc_collate_1               0x080001eb   Thumb Code     0  libinit2.o(.ARM.Collect$$libinit$$00000011)
    __rt_lib_init_lc_ctype_1                 0x080001eb   Thumb Code     0  libinit2.o(.ARM.Collect$$libinit$$00000013)
    __rt_lib_init_lc_monetary_1              0x080001eb   Thumb Code     0  libinit2.o(.ARM.Collect$$libinit$$00000015)
    __rt_lib_init_lc_numeric_1               0x080001eb   Thumb Code     0  libinit2.o(.ARM.Collect$$libinit$$00000017)
    __rt_lib_init_lc_time_1                  0x080001eb   Thumb Code     0  libinit2.o(.ARM.Collect$$libinit$$00000019)
    __rt_lib_init_preinit_1                  0x080001eb   Thumb Code     0  libinit2.o(.ARM.Collect$$libinit$$00000004)
    __rt_lib_init_rand_1                     0x080001eb   Thumb Code     0  libinit2.o(.ARM.Collect$$libinit$$0000000E)
    __rt_lib_init_return                     0x080001eb   Thumb Code     0  libinit2.o(.ARM.Collect$$libinit$$00000033)
    __rt_lib_init_signal_1                   0x080001eb   Thumb Code     0  libinit2.o(.ARM.Collect$$libinit$$0000001D)
    __rt_lib_init_stdio_1                    0x080001eb   Thumb Code     0  libinit2.o(.ARM.Collect$$libinit$$00000025)
    __rt_lib_init_user_alloc_1               0x080001eb   Thumb Code     0  libinit2.o(.ARM.Collect$$libinit$$0000000C)
    __rt_lib_shutdown                        0x080001ed   Thumb Code     0  libshutdown.o(.ARM.Collect$$libshutdown$$00000000)
    __rt_lib_shutdown_cpp_1                  0x080001ef   Thumb Code     0  libshutdown2.o(.ARM.Collect$$libshutdown$$00000002)
    __rt_lib_shutdown_fp_trap_1              0x080001ef   Thumb Code     0  libshutdown2.o(.ARM.Collect$$libshutdown$$00000007)
    __rt_lib_shutdown_heap_1                 0x080001ef   Thumb Code     0  libshutdown2.o(.ARM.Collect$$libshutdown$$0000000F)
    __rt_lib_shutdown_return                 0x080001ef   Thumb Code     0  libshutdown2.o(.ARM.Collect$$libshutdown$$00000010)
    __rt_lib_shutdown_signal_1               0x080001ef   Thumb Code     0  libshutdown2.o(.ARM.Collect$$libshutdown$$0000000A)
    __rt_lib_shutdown_stdio_1                0x080001ef   Thumb Code     0  libshutdown2.o(.ARM.Collect$$libshutdown$$00000004)
    __rt_lib_shutdown_user_alloc_1           0x080001ef   Thumb Code     0  libshutdown2.o(.ARM.Collect$$libshutdown$$0000000C)
    __rt_entry                               0x080001f1   Thumb Code     0  __rtentry.o(.ARM.Collect$$rtentry$$00000000)
    __rt_entry_presh_1                       0x080001f1   Thumb Code     0  __rtentry2.o(.ARM.Collect$$rtentry$$00000002)
    __rt_entry_sh                            0x080001f1   Thumb Code     0  __rtentry4.o(.ARM.Collect$$rtentry$$00000004)
    __rt_entry_li                            0x080001f7   Thumb Code     0  __rtentry2.o(.ARM.Collect$$rtentry$$0000000A)
    __rt_entry_postsh_1                      0x080001f7   Thumb Code     0  __rtentry2.o(.ARM.Collect$$rtentry$$00000009)
    __rt_entry_main                          0x080001fb   Thumb Code     0  __rtentry2.o(.ARM.Collect$$rtentry$$0000000D)
    __rt_entry_postli_1                      0x080001fb   Thumb Code     0  __rtentry2.o(.ARM.Collect$$rtentry$$0000000C)
    __rt_exit                                0x08000203   Thumb Code     0  rtexit.o(.ARM.Collect$$rtexit$$00000000)
    __rt_exit_ls                             0x08000205   Thumb Code     0  rtexit2.o(.ARM.Collect$$rtexit$$00000003)
    __rt_exit_prels_1                        0x08000205   Thumb Code     0  rtexit2.o(.ARM.Collect$$rtexit$$00000002)
    __rt_exit_exit                           0x08000209   Thumb Code     0  rtexit2.o(.ARM.Collect$$rtexit$$00000004)
    SVC_Handler                              0x08000211   Thumb Code    28  port.o(.emb_text)
    __asm___6_port_c_39a90d8d__prvStartFirstTask 0x08000231   Thumb Code    36  port.o(.emb_text)
    __asm___6_port_c_39a90d8d__prvEnableVFP  0x08000259   Thumb Code    16  port.o(.emb_text)
    PendSV_Handler                           0x0800026d   Thumb Code    88  port.o(.emb_text)
    vPortGetIPSR                             0x080002c9   Thumb Code     6  port.o(.emb_text)
    Reset_Handler                            0x080002d1   Thumb Code     8  startup_at32f413.o(.text)
    ACC_IRQHandler                           0x080002eb   Thumb Code     0  startup_at32f413.o(.text)
    ADC1_2_IRQHandler                        0x080002eb   Thumb Code     0  startup_at32f413.o(.text)
    CAN1_RX1_IRQHandler                      0x080002eb   Thumb Code     0  startup_at32f413.o(.text)
    CAN1_SE_IRQHandler                       0x080002eb   Thumb Code     0  startup_at32f413.o(.text)
    CAN2_RX0_IRQHandler                      0x080002eb   Thumb Code     0  startup_at32f413.o(.text)
    CAN2_RX1_IRQHandler                      0x080002eb   Thumb Code     0  startup_at32f413.o(.text)
    CAN2_SE_IRQHandler                       0x080002eb   Thumb Code     0  startup_at32f413.o(.text)
    CAN2_TX_IRQHandler                       0x080002eb   Thumb Code     0  startup_at32f413.o(.text)
    CRM_IRQHandler                           0x080002eb   Thumb Code     0  startup_at32f413.o(.text)
    DMA1_Channel1_IRQHandler                 0x080002eb   Thumb Code     0  startup_at32f413.o(.text)
    DMA1_Channel2_IRQHandler                 0x080002eb   Thumb Code     0  startup_at32f413.o(.text)
    DMA1_Channel3_IRQHandler                 0x080002eb   Thumb Code     0  startup_at32f413.o(.text)
    DMA1_Channel4_IRQHandler                 0x080002eb   Thumb Code     0  startup_at32f413.o(.text)
    DMA1_Channel5_IRQHandler                 0x080002eb   Thumb Code     0  startup_at32f413.o(.text)
    DMA1_Channel6_IRQHandler                 0x080002eb   Thumb Code     0  startup_at32f413.o(.text)
    DMA1_Channel7_IRQHandler                 0x080002eb   Thumb Code     0  startup_at32f413.o(.text)
    DMA2_Channel1_IRQHandler                 0x080002eb   Thumb Code     0  startup_at32f413.o(.text)
    DMA2_Channel2_IRQHandler                 0x080002eb   Thumb Code     0  startup_at32f413.o(.text)
    DMA2_Channel3_IRQHandler                 0x080002eb   Thumb Code     0  startup_at32f413.o(.text)
    DMA2_Channel4_5_IRQHandler               0x080002eb   Thumb Code     0  startup_at32f413.o(.text)
    DMA2_Channel6_7_IRQHandler               0x080002eb   Thumb Code     0  startup_at32f413.o(.text)
    EXINT0_IRQHandler                        0x080002eb   Thumb Code     0  startup_at32f413.o(.text)
    EXINT15_10_IRQHandler                    0x080002eb   Thumb Code     0  startup_at32f413.o(.text)
    EXINT1_IRQHandler                        0x080002eb   Thumb Code     0  startup_at32f413.o(.text)
    EXINT2_IRQHandler                        0x080002eb   Thumb Code     0  startup_at32f413.o(.text)
    EXINT3_IRQHandler                        0x080002eb   Thumb Code     0  startup_at32f413.o(.text)
    EXINT4_IRQHandler                        0x080002eb   Thumb Code     0  startup_at32f413.o(.text)
    EXINT9_5_IRQHandler                      0x080002eb   Thumb Code     0  startup_at32f413.o(.text)
    FLASH_IRQHandler                         0x080002eb   Thumb Code     0  startup_at32f413.o(.text)
    I2C1_ERR_IRQHandler                      0x080002eb   Thumb Code     0  startup_at32f413.o(.text)
    I2C1_EVT_IRQHandler                      0x080002eb   Thumb Code     0  startup_at32f413.o(.text)
    I2C2_ERR_IRQHandler                      0x080002eb   Thumb Code     0  startup_at32f413.o(.text)
    I2C2_EVT_IRQHandler                      0x080002eb   Thumb Code     0  startup_at32f413.o(.text)
    PVM_IRQHandler                           0x080002eb   Thumb Code     0  startup_at32f413.o(.text)
    RTCAlarm_IRQHandler                      0x080002eb   Thumb Code     0  startup_at32f413.o(.text)
    RTC_IRQHandler                           0x080002eb   Thumb Code     0  startup_at32f413.o(.text)
    SDIO1_IRQHandler                         0x080002eb   Thumb Code     0  startup_at32f413.o(.text)
    SPI1_IRQHandler                          0x080002eb   Thumb Code     0  startup_at32f413.o(.text)
    SPI2_IRQHandler                          0x080002eb   Thumb Code     0  startup_at32f413.o(.text)
    TAMPER_IRQHandler                        0x080002eb   Thumb Code     0  startup_at32f413.o(.text)
    TMR1_BRK_TMR9_IRQHandler                 0x080002eb   Thumb Code     0  startup_at32f413.o(.text)
    TMR1_CH_IRQHandler                       0x080002eb   Thumb Code     0  startup_at32f413.o(.text)
    TMR1_OVF_TMR10_IRQHandler                0x080002eb   Thumb Code     0  startup_at32f413.o(.text)
    TMR1_TRG_HALL_TMR11_IRQHandler           0x080002eb   Thumb Code     0  startup_at32f413.o(.text)
    TMR2_GLOBAL_IRQHandler                   0x080002eb   Thumb Code     0  startup_at32f413.o(.text)
    TMR3_GLOBAL_IRQHandler                   0x080002eb   Thumb Code     0  startup_at32f413.o(.text)
    TMR4_GLOBAL_IRQHandler                   0x080002eb   Thumb Code     0  startup_at32f413.o(.text)
    TMR5_GLOBAL_IRQHandler                   0x080002eb   Thumb Code     0  startup_at32f413.o(.text)
    TMR8_BRK_IRQHandler                      0x080002eb   Thumb Code     0  startup_at32f413.o(.text)
    TMR8_CH_IRQHandler                       0x080002eb   Thumb Code     0  startup_at32f413.o(.text)
    TMR8_OVF_IRQHandler                      0x080002eb   Thumb Code     0  startup_at32f413.o(.text)
    TMR8_TRG_HALL_IRQHandler                 0x080002eb   Thumb Code     0  startup_at32f413.o(.text)
    UART4_IRQHandler                         0x080002eb   Thumb Code     0  startup_at32f413.o(.text)
    UART5_IRQHandler                         0x080002eb   Thumb Code     0  startup_at32f413.o(.text)
    USART1_IRQHandler                        0x080002eb   Thumb Code     0  startup_at32f413.o(.text)
    USART2_IRQHandler                        0x080002eb   Thumb Code     0  startup_at32f413.o(.text)
    USART3_IRQHandler                        0x080002eb   Thumb Code     0  startup_at32f413.o(.text)
    USBFSWakeUp_IRQHandler                   0x080002eb   Thumb Code     0  startup_at32f413.o(.text)
    USBFS_H_CAN1_TX_IRQHandler               0x080002eb   Thumb Code     0  startup_at32f413.o(.text)
    USBFS_L_CAN1_RX0_IRQHandler              0x080002eb   Thumb Code     0  startup_at32f413.o(.text)
    USBFS_MAPH_IRQHandler                    0x080002eb   Thumb Code     0  startup_at32f413.o(.text)
    USBFS_MAPL_IRQHandler                    0x080002eb   Thumb Code     0  startup_at32f413.o(.text)
    WWDT_IRQHandler                          0x080002eb   Thumb Code     0  startup_at32f413.o(.text)
    __user_initial_stackheap                 0x080002ed   Thumb Code     0  startup_at32f413.o(.text)
    __use_no_semihosting                     0x08000311   Thumb Code     2  use_no_semi_2.o(.text)
    __2printf                                0x08000315   Thumb Code    20  noretval__2printf.o(.text)
    __use_two_region_memory                  0x0800032d   Thumb Code     2  heapauxi.o(.text)
    __rt_heap_escrow$2region                 0x0800032f   Thumb Code     2  heapauxi.o(.text)
    __rt_heap_expand$2region                 0x08000331   Thumb Code     2  heapauxi.o(.text)
    __I$use$semihosting                      0x08000333   Thumb Code     0  use_no_semi.o(.text)
    __use_no_semihosting_swi                 0x08000333   Thumb Code     2  use_no_semi.o(.text)
    _printf_char_file                        0x08000335   Thumb Code    32  _printf_char_file.o(.text)
    _printf_char_common                      0x08000363   Thumb Code    32  _printf_char_common.o(.text)
    ferror                                   0x08000389   Thumb Code     8  ferror.o(.text)
    __user_setup_stackheap                   0x08000391   Thumb Code    74  sys_stackheap_outer.o(.text)
    __printf                                 0x080003db   Thumb Code    40  __printf_nopercent.o(.text)
    exit                                     0x08000403   Thumb Code    18  exit.o(.text)
    __user_libspace                          0x08000415   Thumb Code     8  libspace.o(.text)
    __user_perproc_libspace                  0x08000415   Thumb Code     0  libspace.o(.text)
    __user_perthread_libspace                0x08000415   Thumb Code     0  libspace.o(.text)
    BusFault_Handler                         0x0800041d   Thumb Code     4  at32f413_int.o(i.BusFault_Handler)
    DebugMon_Handler                         0x08000421   Thumb Code     2  at32f413_int.o(i.DebugMon_Handler)
    HardFault_Handler                        0x08000423   Thumb Code     4  at32f413_int.o(i.HardFault_Handler)
    MemManage_Handler                        0x08000427   Thumb Code     4  at32f413_int.o(i.MemManage_Handler)
    NMI_Handler                              0x0800042b   Thumb Code     2  at32f413_int.o(i.NMI_Handler)
    SysTick_Handler                          0x0800042d   Thumb Code    46  port.o(i.SysTick_Handler)
    SystemInit                               0x08000461   Thumb Code   100  system_at32f413.o(i.SystemInit)
    UsageFault_Handler                       0x080004d1   Thumb Code     4  at32f413_int.o(i.UsageFault_Handler)
    _sys_exit                                0x080004d5   Thumb Code     4  at32f413_board.o(i._sys_exit)
    at32_led_init                            0x080004d9   Thumb Code    68  at32f413_board.o(i.at32_led_init)
    at32_led_toggle                          0x08000529   Thumb Code    42  at32f413_board.o(i.at32_led_toggle)
    crm_ahb_div_set                          0x0800055d   Thumb Code    14  at32f413_crm.o(i.crm_ahb_div_set)
    crm_apb1_div_set                         0x08000571   Thumb Code    14  at32f413_crm.o(i.crm_apb1_div_set)
    crm_apb2_div_set                         0x08000585   Thumb Code    14  at32f413_crm.o(i.crm_apb2_div_set)
    crm_auto_step_mode_enable                0x08000599   Thumb Code    34  at32f413_crm.o(i.crm_auto_step_mode_enable)
    crm_clock_source_enable                  0x080005c1   Thumb Code    90  at32f413_crm.o(i.crm_clock_source_enable)
    crm_clocks_freq_get                      0x08000621   Thumb Code   242  at32f413_crm.o(i.crm_clocks_freq_get)
    crm_flag_get                             0x08000735   Thumb Code    42  at32f413_crm.o(i.crm_flag_get)
    crm_hext_stable_wait                     0x08000765   Thumb Code    46  at32f413_crm.o(i.crm_hext_stable_wait)
    crm_periph_clock_enable                  0x08000795   Thumb Code    62  at32f413_crm.o(i.crm_periph_clock_enable)
    crm_pll_config                           0x080007d9   Thumb Code   104  at32f413_crm.o(i.crm_pll_config)
    crm_reset                                0x08000845   Thumb Code    80  at32f413_crm.o(i.crm_reset)
    crm_sysclk_switch                        0x0800089d   Thumb Code    14  at32f413_crm.o(i.crm_sysclk_switch)
    crm_sysclk_switch_status_get             0x080008b1   Thumb Code    10  at32f413_crm.o(i.crm_sysclk_switch_status_get)
    delay_init                               0x080008c1   Thumb Code    38  at32f413_board.o(i.delay_init)
    delay_ms                                 0x080008f9   Thumb Code   110  at32f413_board.o(i.delay_ms)
    fputc                                    0x0800096d   Thumb Code    32  at32f413_board.o(i.fputc)
    gpio_default_para_init                   0x08000991   Thumb Code    22  at32f413_gpio.o(i.gpio_default_para_init)
    gpio_init                                0x080009a7   Thumb Code   168  at32f413_gpio.o(i.gpio_init)
    led2_task_function                       0x08000a4f   Thumb Code    18  main.o(i.led2_task_function)
    led3_task_function                       0x08000a61   Thumb Code    18  main.o(i.led3_task_function)
    main                                     0x08000a75   Thumb Code   134  main.o(i.main)
    nvic_priority_group_config               0x08000b7d   Thumb Code    32  at32f413_misc.o(i.nvic_priority_group_config)
    pvPortMalloc                             0x08000fe1   Thumb Code   338  heap_4.o(i.pvPortMalloc)
    pxPortInitialiseStack                    0x0800114d   Thumb Code    38  port.o(i.pxPortInitialiseStack)
    system_clock_config                      0x08001179   Thumb Code   106  at32f413_clock.o(i.system_clock_config)
    system_core_clock_update                 0x080011e5   Thumb Code   206  system_at32f413.o(i.system_core_clock_update)
    systick_clock_source_config              0x080012cd   Thumb Code    40  at32f413_misc.o(i.systick_clock_source_config)
    uart_print_init                          0x080012f5   Thumb Code    92  at32f413_board.o(i.uart_print_init)
    usart_data_transmit                      0x08001361   Thumb Code     8  at32f413_usart.o(i.usart_data_transmit)
    usart_enable                             0x08001369   Thumb Code    10  at32f413_usart.o(i.usart_enable)
    usart_flag_get                           0x08001373   Thumb Code    16  at32f413_usart.o(i.usart_flag_get)
    usart_init                               0x08001385   Thumb Code   102  at32f413_usart.o(i.usart_init)
    usart_transmitter_enable                 0x080013f1   Thumb Code    10  at32f413_usart.o(i.usart_transmitter_enable)
    uxListRemove                             0x080013fb   Thumb Code    40  list.o(i.uxListRemove)
    vListInitialise                          0x08001423   Thumb Code    26  list.o(i.vListInitialise)
    vListInitialiseItem                      0x0800143d   Thumb Code     6  list.o(i.vListInitialiseItem)
    vListInsert                              0x08001443   Thumb Code    52  list.o(i.vListInsert)
    vListInsertEnd                           0x08001477   Thumb Code    24  list.o(i.vListInsertEnd)
    vPortEnterCritical                       0x08001491   Thumb Code    76  port.o(i.vPortEnterCritical)
    vPortExitCritical                        0x080014e5   Thumb Code    56  port.o(i.vPortExitCritical)
    vPortFree                                0x08001521   Thumb Code   150  heap_4.o(i.vPortFree)
    vPortSetupTimerInterrupt                 0x080015c5   Thumb Code    36  port.o(i.vPortSetupTimerInterrupt)
    vTaskDelay                               0x080015ed   Thumb Code    82  tasks.o(i.vTaskDelay)
    vTaskStartScheduler                      0x08001649   Thumb Code   112  tasks.o(i.vTaskStartScheduler)
    vTaskSuspendAll                          0x080016d9   Thumb Code    12  tasks.o(i.vTaskSuspendAll)
    vTaskSwitchContext                       0x080016e9   Thumb Code   118  tasks.o(i.vTaskSwitchContext)
    xPortStartScheduler                      0x08001775   Thumb Code   330  port.o(i.xPortStartScheduler)
    xTaskCreate                              0x080018dd   Thumb Code    96  tasks.o(i.xTaskCreate)
    xTaskIncrementTick                       0x0800193d   Thumb Code   282  tasks.o(i.xTaskIncrementTick)
    xTaskResumeAll                           0x08001a85   Thumb Code   224  tasks.o(i.xTaskResumeAll)
    _fp_init                                 0x08001b89   Thumb Code    10  fpinit.o(x$fpl$fpinit)
    __fplib_config_fpu_vfp                   0x08001b91   Thumb Code     0  fpinit.o(x$fpl$fpinit)
    __fplib_config_pureend_doubles           0x08001b91   Thumb Code     0  fpinit.o(x$fpl$fpinit)
    Region$$Table$$Base                      0x08001c74   Number         0  anon$$obj.o(Region$$Table)
    Region$$Table$$Limit                     0x08001c94   Number         0  anon$$obj.o(Region$$Table)
    led2_handler                             0x20000004   Data           4  main.o(.data)
    led3_handler                             0x20000008   Data           4  main.o(.data)
    led_gpio_port                            0x2000000c   Data          12  at32f413_board.o(.data)
    led_gpio_pin                             0x20000018   Data           6  at32f413_board.o(.data)
    led_gpio_crm_clk                         0x20000020   Data          12  at32f413_board.o(.data)
    __stdout                                 0x20000034   Data           4  at32f413_board.o(.data)
    system_core_clock                        0x2000003c   Data           4  system_at32f413.o(.data)
    pxCurrentTCB                             0x20000044   Data           4  tasks.o(.data)
    uxTopUsedPriority                        0x2000007c   Data           4  tasks.o(.data)
    __libspace_start                         0x20002180   Data          96  libspace.o(.bss)
    __temporary_stack_top$libspace           0x200021e0   Data           0  libspace.o(.bss)



==============================================================================

Memory Map of the image

  Image Entry point : 0x08000171

  Load Region LR_IROM1 (Base: 0x08000000, Size: 0x00001d4c, Max: 0x00040000, ABSOLUTE)

    Execution Region ER_IROM1 (Exec base: 0x08000000, Load base: 0x08000000, Size: 0x00001c94, Max: 0x00040000, ABSOLUTE)

    Exec Addr    Load Addr    Size         Type   Attr      Idx    E Section Name        Object

    0x08000000   0x08000000   0x00000170   Data   RO         3358    RESET               startup_at32f413.o
    0x08000170   0x08000170   0x00000008   Code   RO         4264  * !!!main             c_w.l(__main.o)
    0x08000178   0x08000178   0x00000034   Code   RO         4431    !!!scatter          c_w.l(__scatter.o)
    0x080001ac   0x080001ac   0x0000001a   Code   RO         4433    !!handler_copy      c_w.l(__scatter_copy.o)
    0x080001c6   0x080001c6   0x00000002   PAD
    0x080001c8   0x080001c8   0x0000001c   Code   RO         4435    !!handler_zi        c_w.l(__scatter_zi.o)
    0x080001e4   0x080001e4   0x00000002   Code   RO         4307    .ARM.Collect$$libinit$$00000000  c_w.l(libinit.o)
    0x080001e6   0x080001e6   0x00000004   Code   RO         4313    .ARM.Collect$$libinit$$00000001  c_w.l(libinit2.o)
    0x080001ea   0x080001ea   0x00000000   Code   RO         4316    .ARM.Collect$$libinit$$00000004  c_w.l(libinit2.o)
    0x080001ea   0x080001ea   0x00000000   Code   RO         4319    .ARM.Collect$$libinit$$0000000A  c_w.l(libinit2.o)
    0x080001ea   0x080001ea   0x00000000   Code   RO         4321    .ARM.Collect$$libinit$$0000000C  c_w.l(libinit2.o)
    0x080001ea   0x080001ea   0x00000000   Code   RO         4323    .ARM.Collect$$libinit$$0000000E  c_w.l(libinit2.o)
    0x080001ea   0x080001ea   0x00000000   Code   RO         4326    .ARM.Collect$$libinit$$00000011  c_w.l(libinit2.o)
    0x080001ea   0x080001ea   0x00000000   Code   RO         4328    .ARM.Collect$$libinit$$00000013  c_w.l(libinit2.o)
    0x080001ea   0x080001ea   0x00000000   Code   RO         4330    .ARM.Collect$$libinit$$00000015  c_w.l(libinit2.o)
    0x080001ea   0x080001ea   0x00000000   Code   RO         4332    .ARM.Collect$$libinit$$00000017  c_w.l(libinit2.o)
    0x080001ea   0x080001ea   0x00000000   Code   RO         4334    .ARM.Collect$$libinit$$00000019  c_w.l(libinit2.o)
    0x080001ea   0x080001ea   0x00000000   Code   RO         4336    .ARM.Collect$$libinit$$0000001B  c_w.l(libinit2.o)
    0x080001ea   0x080001ea   0x00000000   Code   RO         4338    .ARM.Collect$$libinit$$0000001D  c_w.l(libinit2.o)
    0x080001ea   0x080001ea   0x00000000   Code   RO         4340    .ARM.Collect$$libinit$$0000001F  c_w.l(libinit2.o)
    0x080001ea   0x080001ea   0x00000000   Code   RO         4342    .ARM.Collect$$libinit$$00000021  c_w.l(libinit2.o)
    0x080001ea   0x080001ea   0x00000000   Code   RO         4344    .ARM.Collect$$libinit$$00000023  c_w.l(libinit2.o)
    0x080001ea   0x080001ea   0x00000000   Code   RO         4346    .ARM.Collect$$libinit$$00000025  c_w.l(libinit2.o)
    0x080001ea   0x080001ea   0x00000000   Code   RO         4350    .ARM.Collect$$libinit$$0000002C  c_w.l(libinit2.o)
    0x080001ea   0x080001ea   0x00000000   Code   RO         4352    .ARM.Collect$$libinit$$0000002E  c_w.l(libinit2.o)
    0x080001ea   0x080001ea   0x00000000   Code   RO         4354    .ARM.Collect$$libinit$$00000030  c_w.l(libinit2.o)
    0x080001ea   0x080001ea   0x00000000   Code   RO         4356    .ARM.Collect$$libinit$$00000032  c_w.l(libinit2.o)
    0x080001ea   0x080001ea   0x00000002   Code   RO         4357    .ARM.Collect$$libinit$$00000033  c_w.l(libinit2.o)
    0x080001ec   0x080001ec   0x00000002   Code   RO         4375    .ARM.Collect$$libshutdown$$00000000  c_w.l(libshutdown.o)
    0x080001ee   0x080001ee   0x00000000   Code   RO         4385    .ARM.Collect$$libshutdown$$00000002  c_w.l(libshutdown2.o)
    0x080001ee   0x080001ee   0x00000000   Code   RO         4387    .ARM.Collect$$libshutdown$$00000004  c_w.l(libshutdown2.o)
    0x080001ee   0x080001ee   0x00000000   Code   RO         4390    .ARM.Collect$$libshutdown$$00000007  c_w.l(libshutdown2.o)
    0x080001ee   0x080001ee   0x00000000   Code   RO         4393    .ARM.Collect$$libshutdown$$0000000A  c_w.l(libshutdown2.o)
    0x080001ee   0x080001ee   0x00000000   Code   RO         4395    .ARM.Collect$$libshutdown$$0000000C  c_w.l(libshutdown2.o)
    0x080001ee   0x080001ee   0x00000000   Code   RO         4398    .ARM.Collect$$libshutdown$$0000000F  c_w.l(libshutdown2.o)
    0x080001ee   0x080001ee   0x00000002   Code   RO         4399    .ARM.Collect$$libshutdown$$00000010  c_w.l(libshutdown2.o)
    0x080001f0   0x080001f0   0x00000000   Code   RO         4268    .ARM.Collect$$rtentry$$00000000  c_w.l(__rtentry.o)
    0x080001f0   0x080001f0   0x00000000   Code   RO         4276    .ARM.Collect$$rtentry$$00000002  c_w.l(__rtentry2.o)
    0x080001f0   0x080001f0   0x00000006   Code   RO         4288    .ARM.Collect$$rtentry$$00000004  c_w.l(__rtentry4.o)
    0x080001f6   0x080001f6   0x00000000   Code   RO         4278    .ARM.Collect$$rtentry$$00000009  c_w.l(__rtentry2.o)
    0x080001f6   0x080001f6   0x00000004   Code   RO         4279    .ARM.Collect$$rtentry$$0000000A  c_w.l(__rtentry2.o)
    0x080001fa   0x080001fa   0x00000000   Code   RO         4281    .ARM.Collect$$rtentry$$0000000C  c_w.l(__rtentry2.o)
    0x080001fa   0x080001fa   0x00000008   Code   RO         4282    .ARM.Collect$$rtentry$$0000000D  c_w.l(__rtentry2.o)
    0x08000202   0x08000202   0x00000002   Code   RO         4311    .ARM.Collect$$rtexit$$00000000  c_w.l(rtexit.o)
    0x08000204   0x08000204   0x00000000   Code   RO         4359    .ARM.Collect$$rtexit$$00000002  c_w.l(rtexit2.o)
    0x08000204   0x08000204   0x00000004   Code   RO         4360    .ARM.Collect$$rtexit$$00000003  c_w.l(rtexit2.o)
    0x08000208   0x08000208   0x00000006   Code   RO         4361    .ARM.Collect$$rtexit$$00000004  c_w.l(rtexit2.o)
    0x0800020e   0x0800020e   0x00000002   PAD
    0x08000210   0x08000210   0x000000be   Code   RO         4171    .emb_text           port.o
    0x080002ce   0x080002ce   0x00000002   PAD
    0x080002d0   0x080002d0   0x00000040   Code   RO         3359    .text               startup_at32f413.o
    0x08000310   0x08000310   0x00000002   Code   RO         4250    .text               c_w.l(use_no_semi_2.o)
    0x08000312   0x08000312   0x00000002   PAD
    0x08000314   0x08000314   0x00000018   Code   RO         4254    .text               c_w.l(noretval__2printf.o)
    0x0800032c   0x0800032c   0x00000006   Code   RO         4262    .text               c_w.l(heapauxi.o)
    0x08000332   0x08000332   0x00000002   Code   RO         4266    .text               c_w.l(use_no_semi.o)
    0x08000334   0x08000334   0x00000024   Code   RO         4269    .text               c_w.l(_printf_char_file.o)
    0x08000358   0x08000358   0x00000030   Code   RO         4290    .text               c_w.l(_printf_char_common.o)
    0x08000388   0x08000388   0x00000008   Code   RO         4292    .text               c_w.l(ferror.o)
    0x08000390   0x08000390   0x0000004a   Code   RO         4296    .text               c_w.l(sys_stackheap_outer.o)
    0x080003da   0x080003da   0x00000028   Code   RO         4298    .text               c_w.l(__printf_nopercent.o)
    0x08000402   0x08000402   0x00000012   Code   RO         4300    .text               c_w.l(exit.o)
    0x08000414   0x08000414   0x00000008   Code   RO         4308    .text               c_w.l(libspace.o)
    0x0800041c   0x0800041c   0x00000004   Code   RO          133    i.BusFault_Handler  at32f413_int.o
    0x08000420   0x08000420   0x00000002   Code   RO          134    i.DebugMon_Handler  at32f413_int.o
    0x08000422   0x08000422   0x00000004   Code   RO          135    i.HardFault_Handler  at32f413_int.o
    0x08000426   0x08000426   0x00000004   Code   RO          136    i.MemManage_Handler  at32f413_int.o
    0x0800042a   0x0800042a   0x00000002   Code   RO          137    i.NMI_Handler       at32f413_int.o
    0x0800042c   0x0800042c   0x00000034   Code   RO         4172    i.SysTick_Handler   port.o
    0x08000460   0x08000460   0x00000070   Code   RO         3322    i.SystemInit        system_at32f413.o
    0x080004d0   0x080004d0   0x00000004   Code   RO          138    i.UsageFault_Handler  at32f413_int.o
    0x080004d4   0x080004d4   0x00000004   Code   RO          267    i._sys_exit         at32f413_board.o
    0x080004d8   0x080004d8   0x00000050   Code   RO          273    i.at32_led_init     at32f413_board.o
    0x08000528   0x08000528   0x00000034   Code   RO          276    i.at32_led_toggle   at32f413_board.o
    0x0800055c   0x0800055c   0x00000014   Code   RO         1019    i.crm_ahb_div_set   at32f413_crm.o
    0x08000570   0x08000570   0x00000014   Code   RO         1020    i.crm_apb1_div_set  at32f413_crm.o
    0x08000584   0x08000584   0x00000014   Code   RO         1021    i.crm_apb2_div_set  at32f413_crm.o
    0x08000598   0x08000598   0x00000028   Code   RO         1022    i.crm_auto_step_mode_enable  at32f413_crm.o
    0x080005c0   0x080005c0   0x00000060   Code   RO         1028    i.crm_clock_source_enable  at32f413_crm.o
    0x08000620   0x08000620   0x00000114   Code   RO         1029    i.crm_clocks_freq_get  at32f413_crm.o
    0x08000734   0x08000734   0x00000030   Code   RO         1031    i.crm_flag_get      at32f413_crm.o
    0x08000764   0x08000764   0x0000002e   Code   RO         1033    i.crm_hext_stable_wait  at32f413_crm.o
    0x08000792   0x08000792   0x00000002   PAD
    0x08000794   0x08000794   0x00000044   Code   RO         1040    i.crm_periph_clock_enable  at32f413_crm.o
    0x080007d8   0x080007d8   0x0000006c   Code   RO         1043    i.crm_pll_config    at32f413_crm.o
    0x08000844   0x08000844   0x00000058   Code   RO         1044    i.crm_reset         at32f413_crm.o
    0x0800089c   0x0800089c   0x00000014   Code   RO         1047    i.crm_sysclk_switch  at32f413_crm.o
    0x080008b0   0x080008b0   0x00000010   Code   RO         1048    i.crm_sysclk_switch_status_get  at32f413_crm.o
    0x080008c0   0x080008c0   0x00000038   Code   RO          277    i.delay_init        at32f413_board.o
    0x080008f8   0x080008f8   0x00000074   Code   RO          278    i.delay_ms          at32f413_board.o
    0x0800096c   0x0800096c   0x00000024   Code   RO          281    i.fputc             at32f413_board.o
    0x08000990   0x08000990   0x00000016   Code   RO         1647    i.gpio_default_para_init  at32f413_gpio.o
    0x080009a6   0x080009a6   0x000000a8   Code   RO         1651    i.gpio_init         at32f413_gpio.o
    0x08000a4e   0x08000a4e   0x00000012   Code   RO          190    i.led2_task_function  main.o
    0x08000a60   0x08000a60   0x00000012   Code   RO          191    i.led3_task_function  main.o
    0x08000a72   0x08000a72   0x00000002   PAD
    0x08000a74   0x08000a74   0x00000108   Code   RO          192    i.main              main.o
    0x08000b7c   0x08000b7c   0x00000028   Code   RO         1965    i.nvic_priority_group_config  at32f413_misc.o
    0x08000ba4   0x08000ba4   0x00000098   Code   RO         3805    i.prvAddCurrentTaskToDelayedList  tasks.o
    0x08000c3c   0x08000c3c   0x000000b4   Code   RO         3806    i.prvAddNewTaskToReadyList  tasks.o
    0x08000cf0   0x08000cf0   0x00000048   Code   RO         3807    i.prvCheckTasksWaitingTermination  tasks.o
    0x08000d38   0x08000d38   0x00000012   Code   RO         3808    i.prvDeleteTCB      tasks.o
    0x08000d4a   0x08000d4a   0x00000002   PAD
    0x08000d4c   0x08000d4c   0x0000007c   Code   RO         4104    i.prvHeapInit       heap_4.o
    0x08000dc8   0x08000dc8   0x00000028   Code   RO         3809    i.prvIdleTask       tasks.o
    0x08000df0   0x08000df0   0x000000ae   Code   RO         3810    i.prvInitialiseNewTask  tasks.o
    0x08000e9e   0x08000e9e   0x00000002   PAD
    0x08000ea0   0x08000ea0   0x00000068   Code   RO         3811    i.prvInitialiseTaskLists  tasks.o
    0x08000f08   0x08000f08   0x00000068   Code   RO         4105    i.prvInsertBlockIntoFreeList  heap_4.o
    0x08000f70   0x08000f70   0x00000030   Code   RO         3812    i.prvResetNextTaskUnblockTime  tasks.o
    0x08000fa0   0x08000fa0   0x00000040   Code   RO         4173    i.prvTaskExitError  port.o
    0x08000fe0   0x08000fe0   0x0000016c   Code   RO         4106    i.pvPortMalloc      heap_4.o
    0x0800114c   0x0800114c   0x0000002c   Code   RO         4174    i.pxPortInitialiseStack  port.o
    0x08001178   0x08001178   0x0000006a   Code   RO            4    i.system_clock_config  at32f413_clock.o
    0x080011e2   0x080011e2   0x00000002   PAD
    0x080011e4   0x080011e4   0x000000e8   Code   RO         3323    i.system_core_clock_update  system_at32f413.o
    0x080012cc   0x080012cc   0x00000028   Code   RO         1968    i.systick_clock_source_config  at32f413_misc.o
    0x080012f4   0x080012f4   0x0000006c   Code   RO          282    i.uart_print_init   at32f413_board.o
    0x08001360   0x08001360   0x00000008   Code   RO         2877    i.usart_data_transmit  at32f413_usart.o
    0x08001368   0x08001368   0x0000000a   Code   RO         2880    i.usart_enable      at32f413_usart.o
    0x08001372   0x08001372   0x00000010   Code   RO         2882    i.usart_flag_get    at32f413_usart.o
    0x08001382   0x08001382   0x00000002   PAD
    0x08001384   0x08001384   0x0000006c   Code   RO         2884    i.usart_init        at32f413_usart.o
    0x080013f0   0x080013f0   0x0000000a   Code   RO         2898    i.usart_transmitter_enable  at32f413_usart.o
    0x080013fa   0x080013fa   0x00000028   Code   RO         3480    i.uxListRemove      list.o
    0x08001422   0x08001422   0x0000001a   Code   RO         3481    i.vListInitialise   list.o
    0x0800143c   0x0800143c   0x00000006   Code   RO         3482    i.vListInitialiseItem  list.o
    0x08001442   0x08001442   0x00000034   Code   RO         3483    i.vListInsert       list.o
    0x08001476   0x08001476   0x00000018   Code   RO         3484    i.vListInsertEnd    list.o
    0x0800148e   0x0800148e   0x00000002   PAD
    0x08001490   0x08001490   0x00000054   Code   RO         4176    i.vPortEnterCritical  port.o
    0x080014e4   0x080014e4   0x0000003c   Code   RO         4177    i.vPortExitCritical  port.o
    0x08001520   0x08001520   0x000000a4   Code   RO         4107    i.vPortFree         heap_4.o
    0x080015c4   0x080015c4   0x00000028   Code   RO         4178    i.vPortSetupTimerInterrupt  port.o
    0x080015ec   0x080015ec   0x0000005c   Code   RO         3820    i.vTaskDelay        tasks.o
    0x08001648   0x08001648   0x00000090   Code   RO         3832    i.vTaskStartScheduler  tasks.o
    0x080016d8   0x080016d8   0x00000010   Code   RO         3834    i.vTaskSuspendAll   tasks.o
    0x080016e8   0x080016e8   0x0000008c   Code   RO         3835    i.vTaskSwitchContext  tasks.o
    0x08001774   0x08001774   0x00000168   Code   RO         4180    i.xPortStartScheduler  port.o
    0x080018dc   0x080018dc   0x00000060   Code   RO         3838    i.xTaskCreate       tasks.o
    0x0800193c   0x0800193c   0x00000148   Code   RO         3847    i.xTaskIncrementTick  tasks.o
    0x08001a84   0x08001a84   0x00000104   Code   RO         3849    i.xTaskResumeAll    tasks.o
    0x08001b88   0x08001b88   0x0000000a   Code   RO         4367    x$fpl$fpinit        fz_wm.l(fpinit.o)
    0x08001b92   0x08001b92   0x00000028   Data   RO         1052    .constdata          at32f413_crm.o
    0x08001bba   0x08001bba   0x00000010   Data   RO         3324    .constdata          system_at32f413.o
    0x08001bca   0x08001bca   0x00000002   PAD
    0x08001bcc   0x08001bcc   0x000000a6   Data   RO          193    .conststring        main.o
    0x08001c72   0x08001c72   0x00000002   PAD
    0x08001c74   0x08001c74   0x00000020   Data   RO         4429    Region$$Table       anon$$obj.o


    Execution Region RW_IRAM1 (Exec base: 0x20000000, Load base: 0x08001c94, Size: 0x000027e0, Max: 0x00008000, ABSOLUTE)

    Exec Addr    Load Addr    Size         Type   Attr      Idx    E Section Name        Object

    0x20000000   0x08001c94   0x0000000c   Data   RW          194    .data               main.o
    0x2000000c   0x08001ca0   0x0000002d   Data   RW          283    .data               at32f413_board.o
    0x20000039   0x08001ccd   0x00000003   PAD
    0x2000003c   0x08001cd0   0x00000004   Data   RW         3325    .data               system_at32f413.o
    0x20000040   0x08001cd4   0x00000044   Data   RW         3852    .data               tasks.o
    0x20000084   0x08001d18   0x00000024   Data   RW         4113    .data               heap_4.o
    0x200000a8   0x08001d3c   0x00000010   Data   RW         4181    .data               port.o
    0x200000b8        -       0x000000c8   Zero   RW         3851    .bss                tasks.o
    0x20000180        -       0x00002000   Zero   RW         4112    .bss                heap_4.o
    0x20002180        -       0x00000060   Zero   RW         4309    .bss                c_w.l(libspace.o)
    0x200021e0        -       0x00000200   Zero   RW         3357    HEAP                startup_at32f413.o
    0x200023e0        -       0x00000400   Zero   RW         3356    STACK               startup_at32f413.o


==============================================================================

Image component sizes


      Code (inc. data)   RO Data    RW Data    ZI Data      Debug   Object Name

       452         66          0         45          0       7154   at32f413_board.o
       106          0          0          0          0      36610   at32f413_clock.o
       866        106         40          0          0       8900   at32f413_crm.o
       190          0          0          0          0       1901   at32f413_gpio.o
        20          0          0          0          0       2937   at32f413_int.o
        80          8          0          0          0      31506   at32f413_misc.o
       152          6          0          0          0       3830   at32f413_usart.o
         0          0          0          0          0       7724   event_groups.o
       756         74          0         36       8192       7655   heap_4.o
       148          0          0          0          0       3766   list.o
       300        130        166         12          0      16777   main.o
       894         78          0         16          0      11460   port.o
        64         26        368          0       1536        956   startup_at32f413.o
       344         38         16          4          0       2288   system_at32f413.o
      1864        270          0         68        200      22095   tasks.o

    ----------------------------------------------------------------------
      6252        802        626        184       9928     165559   Object Totals
         0          0         32          0          0          0   (incl. Generated)
        16          0          4          3          0          0   (incl. Padding)

    ----------------------------------------------------------------------

      Code (inc. data)   RO Data    RW Data    ZI Data      Debug   Library Member Name

         8          0          0          0          0         68   __main.o
        40          0          0          0          0         84   __printf_nopercent.o
         0          0          0          0          0          0   __rtentry.o
        12          0          0          0          0          0   __rtentry2.o
         6          0          0          0          0          0   __rtentry4.o
        52          8          0          0          0          0   __scatter.o
        26          0          0          0          0          0   __scatter_copy.o
        28          0          0          0          0          0   __scatter_zi.o
        48          6          0          0          0         96   _printf_char_common.o
        36          4          0          0          0         80   _printf_char_file.o
        18          0          0          0          0         80   exit.o
         8          0          0          0          0         68   ferror.o
         6          0          0          0          0        152   heapauxi.o
         2          0          0          0          0          0   libinit.o
         6          0          0          0          0          0   libinit2.o
         2          0          0          0          0          0   libshutdown.o
         2          0          0          0          0          0   libshutdown2.o
         8          4          0          0         96         68   libspace.o
        24          4          0          0          0         84   noretval__2printf.o
         2          0          0          0          0          0   rtexit.o
        10          0          0          0          0          0   rtexit2.o
        74          0          0          0          0         80   sys_stackheap_outer.o
         2          0          0          0          0         68   use_no_semi.o
         2          0          0          0          0         68   use_no_semi_2.o
        10          0          0          0          0        116   fpinit.o

    ----------------------------------------------------------------------
       438         26          0          0         96       1112   Library Totals
         6          0          0          0          0          0   (incl. Padding)

    ----------------------------------------------------------------------

      Code (inc. data)   RO Data    RW Data    ZI Data      Debug   Library Name

       422         26          0          0         96        996   c_w.l
        10          0          0          0          0        116   fz_wm.l

    ----------------------------------------------------------------------
       438         26          0          0         96       1112   Library Totals

    ----------------------------------------------------------------------

==============================================================================


      Code (inc. data)   RO Data    RW Data    ZI Data      Debug   

      6690        828        626        184      10024     159555   Grand Totals
      6690        828        626        184      10024     159555   ELF Image Totals
      6690        828        626        184          0          0   ROM Totals

==============================================================================

    Total RO  Size (Code + RO Data)                 7316 (   7.14kB)
    Total RW  Size (RW Data + ZI Data)             10208 (   9.97kB)
    Total ROM Size (Code + RO Data + RW Data)       7500 (   7.32kB)

==============================================================================

